Copyright 1986-2022 Xilinx, Inc. All Rights Reserved. Copyright 2022-2024 Advanced Micro Devices, Inc. All Rights Reserved.
---------------------------------------------------------------------------------------------------------------------------------------------
| Tool Version : Vivado v.2024.1.2 (lin64) Build 5164865 Thu Sep  5 14:36:28 MDT 2024
| Date         : Tue Feb 11 18:12:42 2025
| Host         : Dell-G15-5515 running 64-bit Ubuntu 24.04.2 LTS
| Command      : check_timing -verbose -file reports_cva6_fpga_synth/cva6_fpga.check_timing.rpt
| Design       : cva6_zybo_z7_20
| Device       : 7z020-clg400
| Speed File   : -1  PRODUCTION 1.12 2019-11-22
| Design State : Synthesized
---------------------------------------------------------------------------------------------------------------------------------------------


check_timing report

Table of Contents
-----------------
1. checking no_clock (806)
2. checking constant_clock (0)
3. checking pulse_width_clock (0)
4. checking unconstrained_internal_endpoints (746)
5. checking no_input_delay (2)
6. checking no_output_delay (1)
7. checking multiple_clock (0)
8. checking generated_clocks (0)
9. checking loops (0)
10. checking partial_input_delay (3)
11. checking partial_output_delay (0)
12. checking latch_loops (0)

1. checking no_clock (806)
--------------------------
 There are 258 register/latch pins with no clock driven by root clock pin: tck (HIGH)

i_dmi_jtag/FSM_sequential_state_q_reg[0]/C
i_dmi_jtag/FSM_sequential_state_q_reg[1]/C
i_dmi_jtag/FSM_sequential_state_q_reg[2]/C
i_dmi_jtag/address_q_reg[0]/C
i_dmi_jtag/address_q_reg[1]/C
i_dmi_jtag/address_q_reg[2]/C
i_dmi_jtag/address_q_reg[3]/C
i_dmi_jtag/address_q_reg[4]/C
i_dmi_jtag/address_q_reg[5]/C
i_dmi_jtag/address_q_reg[6]/C
i_dmi_jtag/data_q_reg[0]/C
i_dmi_jtag/data_q_reg[10]/C
i_dmi_jtag/data_q_reg[11]/C
i_dmi_jtag/data_q_reg[12]/C
i_dmi_jtag/data_q_reg[13]/C
i_dmi_jtag/data_q_reg[14]/C
i_dmi_jtag/data_q_reg[15]/C
i_dmi_jtag/data_q_reg[16]/C
i_dmi_jtag/data_q_reg[17]/C
i_dmi_jtag/data_q_reg[18]/C
i_dmi_jtag/data_q_reg[19]/C
i_dmi_jtag/data_q_reg[1]/C
i_dmi_jtag/data_q_reg[20]/C
i_dmi_jtag/data_q_reg[21]/C
i_dmi_jtag/data_q_reg[22]/C
i_dmi_jtag/data_q_reg[23]/C
i_dmi_jtag/data_q_reg[24]/C
i_dmi_jtag/data_q_reg[25]/C
i_dmi_jtag/data_q_reg[26]/C
i_dmi_jtag/data_q_reg[27]/C
i_dmi_jtag/data_q_reg[28]/C
i_dmi_jtag/data_q_reg[29]/C
i_dmi_jtag/data_q_reg[2]/C
i_dmi_jtag/data_q_reg[30]/C
i_dmi_jtag/data_q_reg[31]/C
i_dmi_jtag/data_q_reg[3]/C
i_dmi_jtag/data_q_reg[4]/C
i_dmi_jtag/data_q_reg[5]/C
i_dmi_jtag/data_q_reg[6]/C
i_dmi_jtag/data_q_reg[7]/C
i_dmi_jtag/data_q_reg[8]/C
i_dmi_jtag/data_q_reg[9]/C
i_dmi_jtag/dr_q_reg[0]/C
i_dmi_jtag/dr_q_reg[10]/C
i_dmi_jtag/dr_q_reg[11]/C
i_dmi_jtag/dr_q_reg[12]/C
i_dmi_jtag/dr_q_reg[13]/C
i_dmi_jtag/dr_q_reg[14]/C
i_dmi_jtag/dr_q_reg[15]/C
i_dmi_jtag/dr_q_reg[16]/C
i_dmi_jtag/dr_q_reg[17]/C
i_dmi_jtag/dr_q_reg[18]/C
i_dmi_jtag/dr_q_reg[19]/C
i_dmi_jtag/dr_q_reg[1]/C
i_dmi_jtag/dr_q_reg[20]/C
i_dmi_jtag/dr_q_reg[21]/C
i_dmi_jtag/dr_q_reg[22]/C
i_dmi_jtag/dr_q_reg[23]/C
i_dmi_jtag/dr_q_reg[24]/C
i_dmi_jtag/dr_q_reg[25]/C
i_dmi_jtag/dr_q_reg[26]/C
i_dmi_jtag/dr_q_reg[27]/C
i_dmi_jtag/dr_q_reg[28]/C
i_dmi_jtag/dr_q_reg[29]/C
i_dmi_jtag/dr_q_reg[2]/C
i_dmi_jtag/dr_q_reg[30]/C
i_dmi_jtag/dr_q_reg[31]/C
i_dmi_jtag/dr_q_reg[32]/C
i_dmi_jtag/dr_q_reg[33]/C
i_dmi_jtag/dr_q_reg[34]/C
i_dmi_jtag/dr_q_reg[35]/C
i_dmi_jtag/dr_q_reg[36]/C
i_dmi_jtag/dr_q_reg[37]/C
i_dmi_jtag/dr_q_reg[38]/C
i_dmi_jtag/dr_q_reg[39]/C
i_dmi_jtag/dr_q_reg[3]/C
i_dmi_jtag/dr_q_reg[40]/C
i_dmi_jtag/dr_q_reg[4]/C
i_dmi_jtag/dr_q_reg[5]/C
i_dmi_jtag/dr_q_reg[6]/C
i_dmi_jtag/dr_q_reg[7]/C
i_dmi_jtag/dr_q_reg[8]/C
i_dmi_jtag/dr_q_reg[9]/C
i_dmi_jtag/error_q_reg[1]/C
i_dmi_jtag/i_dmi_cdc/i_cdc_req/i_src/ack_q_reg/C
i_dmi_jtag/i_dmi_cdc/i_cdc_req/i_src/ack_src_q_reg/C
i_dmi_jtag/i_dmi_cdc/i_cdc_req/i_src/data_src_q_reg[addr][0]/C
i_dmi_jtag/i_dmi_cdc/i_cdc_req/i_src/data_src_q_reg[addr][1]/C
i_dmi_jtag/i_dmi_cdc/i_cdc_req/i_src/data_src_q_reg[addr][2]/C
i_dmi_jtag/i_dmi_cdc/i_cdc_req/i_src/data_src_q_reg[addr][3]/C
i_dmi_jtag/i_dmi_cdc/i_cdc_req/i_src/data_src_q_reg[addr][4]/C
i_dmi_jtag/i_dmi_cdc/i_cdc_req/i_src/data_src_q_reg[addr][5]/C
i_dmi_jtag/i_dmi_cdc/i_cdc_req/i_src/data_src_q_reg[addr][6]/C
i_dmi_jtag/i_dmi_cdc/i_cdc_req/i_src/data_src_q_reg[data][0]/C
i_dmi_jtag/i_dmi_cdc/i_cdc_req/i_src/data_src_q_reg[data][10]/C
i_dmi_jtag/i_dmi_cdc/i_cdc_req/i_src/data_src_q_reg[data][11]/C
i_dmi_jtag/i_dmi_cdc/i_cdc_req/i_src/data_src_q_reg[data][12]/C
i_dmi_jtag/i_dmi_cdc/i_cdc_req/i_src/data_src_q_reg[data][13]/C
i_dmi_jtag/i_dmi_cdc/i_cdc_req/i_src/data_src_q_reg[data][14]/C
i_dmi_jtag/i_dmi_cdc/i_cdc_req/i_src/data_src_q_reg[data][15]/C
i_dmi_jtag/i_dmi_cdc/i_cdc_req/i_src/data_src_q_reg[data][16]/C
i_dmi_jtag/i_dmi_cdc/i_cdc_req/i_src/data_src_q_reg[data][17]/C
i_dmi_jtag/i_dmi_cdc/i_cdc_req/i_src/data_src_q_reg[data][18]/C
i_dmi_jtag/i_dmi_cdc/i_cdc_req/i_src/data_src_q_reg[data][19]/C
i_dmi_jtag/i_dmi_cdc/i_cdc_req/i_src/data_src_q_reg[data][1]/C
i_dmi_jtag/i_dmi_cdc/i_cdc_req/i_src/data_src_q_reg[data][20]/C
i_dmi_jtag/i_dmi_cdc/i_cdc_req/i_src/data_src_q_reg[data][21]/C
i_dmi_jtag/i_dmi_cdc/i_cdc_req/i_src/data_src_q_reg[data][22]/C
i_dmi_jtag/i_dmi_cdc/i_cdc_req/i_src/data_src_q_reg[data][23]/C
i_dmi_jtag/i_dmi_cdc/i_cdc_req/i_src/data_src_q_reg[data][24]/C
i_dmi_jtag/i_dmi_cdc/i_cdc_req/i_src/data_src_q_reg[data][25]/C
i_dmi_jtag/i_dmi_cdc/i_cdc_req/i_src/data_src_q_reg[data][26]/C
i_dmi_jtag/i_dmi_cdc/i_cdc_req/i_src/data_src_q_reg[data][27]/C
i_dmi_jtag/i_dmi_cdc/i_cdc_req/i_src/data_src_q_reg[data][28]/C
i_dmi_jtag/i_dmi_cdc/i_cdc_req/i_src/data_src_q_reg[data][29]/C
i_dmi_jtag/i_dmi_cdc/i_cdc_req/i_src/data_src_q_reg[data][2]/C
i_dmi_jtag/i_dmi_cdc/i_cdc_req/i_src/data_src_q_reg[data][30]/C
i_dmi_jtag/i_dmi_cdc/i_cdc_req/i_src/data_src_q_reg[data][31]/C
i_dmi_jtag/i_dmi_cdc/i_cdc_req/i_src/data_src_q_reg[data][3]/C
i_dmi_jtag/i_dmi_cdc/i_cdc_req/i_src/data_src_q_reg[data][4]/C
i_dmi_jtag/i_dmi_cdc/i_cdc_req/i_src/data_src_q_reg[data][5]/C
i_dmi_jtag/i_dmi_cdc/i_cdc_req/i_src/data_src_q_reg[data][6]/C
i_dmi_jtag/i_dmi_cdc/i_cdc_req/i_src/data_src_q_reg[data][7]/C
i_dmi_jtag/i_dmi_cdc/i_cdc_req/i_src/data_src_q_reg[data][8]/C
i_dmi_jtag/i_dmi_cdc/i_cdc_req/i_src/data_src_q_reg[data][9]/C
i_dmi_jtag/i_dmi_cdc/i_cdc_req/i_src/data_src_q_reg[op][0]/C
i_dmi_jtag/i_dmi_cdc/i_cdc_req/i_src/data_src_q_reg[op][1]/C
i_dmi_jtag/i_dmi_cdc/i_cdc_req/i_src/req_src_q_reg/C
i_dmi_jtag/i_dmi_cdc/i_cdc_resp/i_dst/ack_dst_q_reg/C
i_dmi_jtag/i_dmi_cdc/i_cdc_resp/i_dst/data_dst_q_reg[data][0]/C
i_dmi_jtag/i_dmi_cdc/i_cdc_resp/i_dst/data_dst_q_reg[data][10]/C
i_dmi_jtag/i_dmi_cdc/i_cdc_resp/i_dst/data_dst_q_reg[data][11]/C
i_dmi_jtag/i_dmi_cdc/i_cdc_resp/i_dst/data_dst_q_reg[data][12]/C
i_dmi_jtag/i_dmi_cdc/i_cdc_resp/i_dst/data_dst_q_reg[data][13]/C
i_dmi_jtag/i_dmi_cdc/i_cdc_resp/i_dst/data_dst_q_reg[data][14]/C
i_dmi_jtag/i_dmi_cdc/i_cdc_resp/i_dst/data_dst_q_reg[data][15]/C
i_dmi_jtag/i_dmi_cdc/i_cdc_resp/i_dst/data_dst_q_reg[data][16]/C
i_dmi_jtag/i_dmi_cdc/i_cdc_resp/i_dst/data_dst_q_reg[data][17]/C
i_dmi_jtag/i_dmi_cdc/i_cdc_resp/i_dst/data_dst_q_reg[data][18]/C
i_dmi_jtag/i_dmi_cdc/i_cdc_resp/i_dst/data_dst_q_reg[data][19]/C
i_dmi_jtag/i_dmi_cdc/i_cdc_resp/i_dst/data_dst_q_reg[data][1]/C
i_dmi_jtag/i_dmi_cdc/i_cdc_resp/i_dst/data_dst_q_reg[data][20]/C
i_dmi_jtag/i_dmi_cdc/i_cdc_resp/i_dst/data_dst_q_reg[data][21]/C
i_dmi_jtag/i_dmi_cdc/i_cdc_resp/i_dst/data_dst_q_reg[data][22]/C
i_dmi_jtag/i_dmi_cdc/i_cdc_resp/i_dst/data_dst_q_reg[data][23]/C
i_dmi_jtag/i_dmi_cdc/i_cdc_resp/i_dst/data_dst_q_reg[data][24]/C
i_dmi_jtag/i_dmi_cdc/i_cdc_resp/i_dst/data_dst_q_reg[data][25]/C
i_dmi_jtag/i_dmi_cdc/i_cdc_resp/i_dst/data_dst_q_reg[data][26]/C
i_dmi_jtag/i_dmi_cdc/i_cdc_resp/i_dst/data_dst_q_reg[data][27]/C
i_dmi_jtag/i_dmi_cdc/i_cdc_resp/i_dst/data_dst_q_reg[data][28]/C
i_dmi_jtag/i_dmi_cdc/i_cdc_resp/i_dst/data_dst_q_reg[data][29]/C
i_dmi_jtag/i_dmi_cdc/i_cdc_resp/i_dst/data_dst_q_reg[data][2]/C
i_dmi_jtag/i_dmi_cdc/i_cdc_resp/i_dst/data_dst_q_reg[data][30]/C
i_dmi_jtag/i_dmi_cdc/i_cdc_resp/i_dst/data_dst_q_reg[data][31]/C
i_dmi_jtag/i_dmi_cdc/i_cdc_resp/i_dst/data_dst_q_reg[data][3]/C
i_dmi_jtag/i_dmi_cdc/i_cdc_resp/i_dst/data_dst_q_reg[data][4]/C
i_dmi_jtag/i_dmi_cdc/i_cdc_resp/i_dst/data_dst_q_reg[data][5]/C
i_dmi_jtag/i_dmi_cdc/i_cdc_resp/i_dst/data_dst_q_reg[data][6]/C
i_dmi_jtag/i_dmi_cdc/i_cdc_resp/i_dst/data_dst_q_reg[data][7]/C
i_dmi_jtag/i_dmi_cdc/i_cdc_resp/i_dst/data_dst_q_reg[data][8]/C
i_dmi_jtag/i_dmi_cdc/i_cdc_resp/i_dst/data_dst_q_reg[data][9]/C
i_dmi_jtag/i_dmi_cdc/i_cdc_resp/i_dst/data_dst_q_reg[resp][0]/C
i_dmi_jtag/i_dmi_cdc/i_cdc_resp/i_dst/data_dst_q_reg[resp][1]/C
i_dmi_jtag/i_dmi_cdc/i_cdc_resp/i_dst/req_dst_q_reg/C
i_dmi_jtag/i_dmi_cdc/i_cdc_resp/i_dst/req_q0_reg/C
i_dmi_jtag/i_dmi_cdc/i_cdc_resp/i_dst/req_q1_reg/C
i_dmi_jtag/i_dmi_jtag_tap/FSM_onehot_tap_state_q_reg[0]/C
i_dmi_jtag/i_dmi_jtag_tap/FSM_onehot_tap_state_q_reg[10]/C
i_dmi_jtag/i_dmi_jtag_tap/FSM_onehot_tap_state_q_reg[11]/C
i_dmi_jtag/i_dmi_jtag_tap/FSM_onehot_tap_state_q_reg[12]/C
i_dmi_jtag/i_dmi_jtag_tap/FSM_onehot_tap_state_q_reg[13]/C
i_dmi_jtag/i_dmi_jtag_tap/FSM_onehot_tap_state_q_reg[14]/C
i_dmi_jtag/i_dmi_jtag_tap/FSM_onehot_tap_state_q_reg[15]/C
i_dmi_jtag/i_dmi_jtag_tap/FSM_onehot_tap_state_q_reg[1]/C
i_dmi_jtag/i_dmi_jtag_tap/FSM_onehot_tap_state_q_reg[2]/C
i_dmi_jtag/i_dmi_jtag_tap/FSM_onehot_tap_state_q_reg[3]/C
i_dmi_jtag/i_dmi_jtag_tap/FSM_onehot_tap_state_q_reg[4]/C
i_dmi_jtag/i_dmi_jtag_tap/FSM_onehot_tap_state_q_reg[5]/C
i_dmi_jtag/i_dmi_jtag_tap/FSM_onehot_tap_state_q_reg[6]/C
i_dmi_jtag/i_dmi_jtag_tap/FSM_onehot_tap_state_q_reg[7]/C
i_dmi_jtag/i_dmi_jtag_tap/FSM_onehot_tap_state_q_reg[8]/C
i_dmi_jtag/i_dmi_jtag_tap/FSM_onehot_tap_state_q_reg[9]/C
i_dmi_jtag/i_dmi_jtag_tap/bypass_q_reg/C
i_dmi_jtag/i_dmi_jtag_tap/dtmcs_q_reg[abits][4]/C
i_dmi_jtag/i_dmi_jtag_tap/dtmcs_q_reg[abits][5]/C
i_dmi_jtag/i_dmi_jtag_tap/dtmcs_q_reg[abits][6]/C
i_dmi_jtag/i_dmi_jtag_tap/dtmcs_q_reg[abits][7]/C
i_dmi_jtag/i_dmi_jtag_tap/dtmcs_q_reg[abits][8]/C
i_dmi_jtag/i_dmi_jtag_tap/dtmcs_q_reg[abits][9]/C
i_dmi_jtag/i_dmi_jtag_tap/dtmcs_q_reg[dmihardreset]/C
i_dmi_jtag/i_dmi_jtag_tap/dtmcs_q_reg[dmireset]/C
i_dmi_jtag/i_dmi_jtag_tap/dtmcs_q_reg[dmistat][10]/C
i_dmi_jtag/i_dmi_jtag_tap/dtmcs_q_reg[dmistat][11]/C
i_dmi_jtag/i_dmi_jtag_tap/dtmcs_q_reg[idle][12]/C
i_dmi_jtag/i_dmi_jtag_tap/dtmcs_q_reg[idle][13]/C
i_dmi_jtag/i_dmi_jtag_tap/dtmcs_q_reg[idle][14]/C
i_dmi_jtag/i_dmi_jtag_tap/dtmcs_q_reg[version][0]/C
i_dmi_jtag/i_dmi_jtag_tap/dtmcs_q_reg[version][1]/C
i_dmi_jtag/i_dmi_jtag_tap/dtmcs_q_reg[version][2]/C
i_dmi_jtag/i_dmi_jtag_tap/dtmcs_q_reg[version][3]/C
i_dmi_jtag/i_dmi_jtag_tap/dtmcs_q_reg[zero0]/C
i_dmi_jtag/i_dmi_jtag_tap/dtmcs_q_reg[zero1][18]/C
i_dmi_jtag/i_dmi_jtag_tap/dtmcs_q_reg[zero1][19]/C
i_dmi_jtag/i_dmi_jtag_tap/dtmcs_q_reg[zero1][20]/C
i_dmi_jtag/i_dmi_jtag_tap/dtmcs_q_reg[zero1][21]/C
i_dmi_jtag/i_dmi_jtag_tap/dtmcs_q_reg[zero1][22]/C
i_dmi_jtag/i_dmi_jtag_tap/dtmcs_q_reg[zero1][23]/C
i_dmi_jtag/i_dmi_jtag_tap/dtmcs_q_reg[zero1][24]/C
i_dmi_jtag/i_dmi_jtag_tap/dtmcs_q_reg[zero1][25]/C
i_dmi_jtag/i_dmi_jtag_tap/dtmcs_q_reg[zero1][26]/C
i_dmi_jtag/i_dmi_jtag_tap/dtmcs_q_reg[zero1][27]/C
i_dmi_jtag/i_dmi_jtag_tap/dtmcs_q_reg[zero1][28]/C
i_dmi_jtag/i_dmi_jtag_tap/dtmcs_q_reg[zero1][29]/C
i_dmi_jtag/i_dmi_jtag_tap/dtmcs_q_reg[zero1][30]/C
i_dmi_jtag/i_dmi_jtag_tap/dtmcs_q_reg[zero1][31]/C
i_dmi_jtag/i_dmi_jtag_tap/idcode_q_reg[0]/C
i_dmi_jtag/i_dmi_jtag_tap/idcode_q_reg[10]/C
i_dmi_jtag/i_dmi_jtag_tap/idcode_q_reg[11]/C
i_dmi_jtag/i_dmi_jtag_tap/idcode_q_reg[12]/C
i_dmi_jtag/i_dmi_jtag_tap/idcode_q_reg[13]/C
i_dmi_jtag/i_dmi_jtag_tap/idcode_q_reg[14]/C
i_dmi_jtag/i_dmi_jtag_tap/idcode_q_reg[15]/C
i_dmi_jtag/i_dmi_jtag_tap/idcode_q_reg[16]/C
i_dmi_jtag/i_dmi_jtag_tap/idcode_q_reg[17]/C
i_dmi_jtag/i_dmi_jtag_tap/idcode_q_reg[18]/C
i_dmi_jtag/i_dmi_jtag_tap/idcode_q_reg[19]/C
i_dmi_jtag/i_dmi_jtag_tap/idcode_q_reg[1]/C
i_dmi_jtag/i_dmi_jtag_tap/idcode_q_reg[20]/C
i_dmi_jtag/i_dmi_jtag_tap/idcode_q_reg[21]/C
i_dmi_jtag/i_dmi_jtag_tap/idcode_q_reg[22]/C
i_dmi_jtag/i_dmi_jtag_tap/idcode_q_reg[23]/C
i_dmi_jtag/i_dmi_jtag_tap/idcode_q_reg[24]/C
i_dmi_jtag/i_dmi_jtag_tap/idcode_q_reg[25]/C
i_dmi_jtag/i_dmi_jtag_tap/idcode_q_reg[26]/C
i_dmi_jtag/i_dmi_jtag_tap/idcode_q_reg[27]/C
i_dmi_jtag/i_dmi_jtag_tap/idcode_q_reg[28]/C
i_dmi_jtag/i_dmi_jtag_tap/idcode_q_reg[29]/C
i_dmi_jtag/i_dmi_jtag_tap/idcode_q_reg[2]/C
i_dmi_jtag/i_dmi_jtag_tap/idcode_q_reg[30]/C
i_dmi_jtag/i_dmi_jtag_tap/idcode_q_reg[31]/C
i_dmi_jtag/i_dmi_jtag_tap/idcode_q_reg[3]/C
i_dmi_jtag/i_dmi_jtag_tap/idcode_q_reg[4]/C
i_dmi_jtag/i_dmi_jtag_tap/idcode_q_reg[5]/C
i_dmi_jtag/i_dmi_jtag_tap/idcode_q_reg[6]/C
i_dmi_jtag/i_dmi_jtag_tap/idcode_q_reg[7]/C
i_dmi_jtag/i_dmi_jtag_tap/idcode_q_reg[8]/C
i_dmi_jtag/i_dmi_jtag_tap/idcode_q_reg[9]/C
i_dmi_jtag/i_dmi_jtag_tap/jtag_ir_q_reg[0]/C
i_dmi_jtag/i_dmi_jtag_tap/jtag_ir_q_reg[1]/C
i_dmi_jtag/i_dmi_jtag_tap/jtag_ir_q_reg[2]/C
i_dmi_jtag/i_dmi_jtag_tap/jtag_ir_q_reg[3]/C
i_dmi_jtag/i_dmi_jtag_tap/jtag_ir_q_reg[4]/C
i_dmi_jtag/i_dmi_jtag_tap/jtag_ir_shift_q_reg[0]/C
i_dmi_jtag/i_dmi_jtag_tap/jtag_ir_shift_q_reg[1]/C
i_dmi_jtag/i_dmi_jtag_tap/jtag_ir_shift_q_reg[2]/C
i_dmi_jtag/i_dmi_jtag_tap/jtag_ir_shift_q_reg[3]/C
i_dmi_jtag/i_dmi_jtag_tap/jtag_ir_shift_q_reg[4]/C
i_dmi_jtag/i_dmi_jtag_tap/td_o_reg/C

 There are 32 register/latch pins with no clock driven by root clock pin: i_ariane/i_cva6/ex_stage_i/lsu_i/i_load_unit/ldbuf_q_reg[0][operation][0]/Q (HIGH)

i_ariane/i_cva6/ex_stage_i/lsu_i/i_load_unit/result_o_reg[0]/G
i_ariane/i_cva6/ex_stage_i/lsu_i/i_load_unit/result_o_reg[10]/G
i_ariane/i_cva6/ex_stage_i/lsu_i/i_load_unit/result_o_reg[11]/G
i_ariane/i_cva6/ex_stage_i/lsu_i/i_load_unit/result_o_reg[12]/G
i_ariane/i_cva6/ex_stage_i/lsu_i/i_load_unit/result_o_reg[13]/G
i_ariane/i_cva6/ex_stage_i/lsu_i/i_load_unit/result_o_reg[14]/G
i_ariane/i_cva6/ex_stage_i/lsu_i/i_load_unit/result_o_reg[15]/G
i_ariane/i_cva6/ex_stage_i/lsu_i/i_load_unit/result_o_reg[16]/G
i_ariane/i_cva6/ex_stage_i/lsu_i/i_load_unit/result_o_reg[17]/G
i_ariane/i_cva6/ex_stage_i/lsu_i/i_load_unit/result_o_reg[18]/G
i_ariane/i_cva6/ex_stage_i/lsu_i/i_load_unit/result_o_reg[19]/G
i_ariane/i_cva6/ex_stage_i/lsu_i/i_load_unit/result_o_reg[1]/G
i_ariane/i_cva6/ex_stage_i/lsu_i/i_load_unit/result_o_reg[20]/G
i_ariane/i_cva6/ex_stage_i/lsu_i/i_load_unit/result_o_reg[21]/G
i_ariane/i_cva6/ex_stage_i/lsu_i/i_load_unit/result_o_reg[22]/G
i_ariane/i_cva6/ex_stage_i/lsu_i/i_load_unit/result_o_reg[23]/G
i_ariane/i_cva6/ex_stage_i/lsu_i/i_load_unit/result_o_reg[24]/G
i_ariane/i_cva6/ex_stage_i/lsu_i/i_load_unit/result_o_reg[25]/G
i_ariane/i_cva6/ex_stage_i/lsu_i/i_load_unit/result_o_reg[26]/G
i_ariane/i_cva6/ex_stage_i/lsu_i/i_load_unit/result_o_reg[27]/G
i_ariane/i_cva6/ex_stage_i/lsu_i/i_load_unit/result_o_reg[28]/G
i_ariane/i_cva6/ex_stage_i/lsu_i/i_load_unit/result_o_reg[29]/G
i_ariane/i_cva6/ex_stage_i/lsu_i/i_load_unit/result_o_reg[2]/G
i_ariane/i_cva6/ex_stage_i/lsu_i/i_load_unit/result_o_reg[30]/G
i_ariane/i_cva6/ex_stage_i/lsu_i/i_load_unit/result_o_reg[31]/G
i_ariane/i_cva6/ex_stage_i/lsu_i/i_load_unit/result_o_reg[3]/G
i_ariane/i_cva6/ex_stage_i/lsu_i/i_load_unit/result_o_reg[4]/G
i_ariane/i_cva6/ex_stage_i/lsu_i/i_load_unit/result_o_reg[5]/G
i_ariane/i_cva6/ex_stage_i/lsu_i/i_load_unit/result_o_reg[6]/G
i_ariane/i_cva6/ex_stage_i/lsu_i/i_load_unit/result_o_reg[7]/G
i_ariane/i_cva6/ex_stage_i/lsu_i/i_load_unit/result_o_reg[8]/G
i_ariane/i_cva6/ex_stage_i/lsu_i/i_load_unit/result_o_reg[9]/G

 There are 32 register/latch pins with no clock driven by root clock pin: i_ariane/i_cva6/ex_stage_i/lsu_i/i_load_unit/ldbuf_q_reg[0][operation][1]/Q (HIGH)

i_ariane/i_cva6/ex_stage_i/lsu_i/i_load_unit/result_o_reg[0]/G
i_ariane/i_cva6/ex_stage_i/lsu_i/i_load_unit/result_o_reg[10]/G
i_ariane/i_cva6/ex_stage_i/lsu_i/i_load_unit/result_o_reg[11]/G
i_ariane/i_cva6/ex_stage_i/lsu_i/i_load_unit/result_o_reg[12]/G
i_ariane/i_cva6/ex_stage_i/lsu_i/i_load_unit/result_o_reg[13]/G
i_ariane/i_cva6/ex_stage_i/lsu_i/i_load_unit/result_o_reg[14]/G
i_ariane/i_cva6/ex_stage_i/lsu_i/i_load_unit/result_o_reg[15]/G
i_ariane/i_cva6/ex_stage_i/lsu_i/i_load_unit/result_o_reg[16]/G
i_ariane/i_cva6/ex_stage_i/lsu_i/i_load_unit/result_o_reg[17]/G
i_ariane/i_cva6/ex_stage_i/lsu_i/i_load_unit/result_o_reg[18]/G
i_ariane/i_cva6/ex_stage_i/lsu_i/i_load_unit/result_o_reg[19]/G
i_ariane/i_cva6/ex_stage_i/lsu_i/i_load_unit/result_o_reg[1]/G
i_ariane/i_cva6/ex_stage_i/lsu_i/i_load_unit/result_o_reg[20]/G
i_ariane/i_cva6/ex_stage_i/lsu_i/i_load_unit/result_o_reg[21]/G
i_ariane/i_cva6/ex_stage_i/lsu_i/i_load_unit/result_o_reg[22]/G
i_ariane/i_cva6/ex_stage_i/lsu_i/i_load_unit/result_o_reg[23]/G
i_ariane/i_cva6/ex_stage_i/lsu_i/i_load_unit/result_o_reg[24]/G
i_ariane/i_cva6/ex_stage_i/lsu_i/i_load_unit/result_o_reg[25]/G
i_ariane/i_cva6/ex_stage_i/lsu_i/i_load_unit/result_o_reg[26]/G
i_ariane/i_cva6/ex_stage_i/lsu_i/i_load_unit/result_o_reg[27]/G
i_ariane/i_cva6/ex_stage_i/lsu_i/i_load_unit/result_o_reg[28]/G
i_ariane/i_cva6/ex_stage_i/lsu_i/i_load_unit/result_o_reg[29]/G
i_ariane/i_cva6/ex_stage_i/lsu_i/i_load_unit/result_o_reg[2]/G
i_ariane/i_cva6/ex_stage_i/lsu_i/i_load_unit/result_o_reg[30]/G
i_ariane/i_cva6/ex_stage_i/lsu_i/i_load_unit/result_o_reg[31]/G
i_ariane/i_cva6/ex_stage_i/lsu_i/i_load_unit/result_o_reg[3]/G
i_ariane/i_cva6/ex_stage_i/lsu_i/i_load_unit/result_o_reg[4]/G
i_ariane/i_cva6/ex_stage_i/lsu_i/i_load_unit/result_o_reg[5]/G
i_ariane/i_cva6/ex_stage_i/lsu_i/i_load_unit/result_o_reg[6]/G
i_ariane/i_cva6/ex_stage_i/lsu_i/i_load_unit/result_o_reg[7]/G
i_ariane/i_cva6/ex_stage_i/lsu_i/i_load_unit/result_o_reg[8]/G
i_ariane/i_cva6/ex_stage_i/lsu_i/i_load_unit/result_o_reg[9]/G

 There are 32 register/latch pins with no clock driven by root clock pin: i_ariane/i_cva6/ex_stage_i/lsu_i/i_load_unit/ldbuf_q_reg[0][operation][2]/Q (HIGH)

i_ariane/i_cva6/ex_stage_i/lsu_i/i_load_unit/result_o_reg[0]/G
i_ariane/i_cva6/ex_stage_i/lsu_i/i_load_unit/result_o_reg[10]/G
i_ariane/i_cva6/ex_stage_i/lsu_i/i_load_unit/result_o_reg[11]/G
i_ariane/i_cva6/ex_stage_i/lsu_i/i_load_unit/result_o_reg[12]/G
i_ariane/i_cva6/ex_stage_i/lsu_i/i_load_unit/result_o_reg[13]/G
i_ariane/i_cva6/ex_stage_i/lsu_i/i_load_unit/result_o_reg[14]/G
i_ariane/i_cva6/ex_stage_i/lsu_i/i_load_unit/result_o_reg[15]/G
i_ariane/i_cva6/ex_stage_i/lsu_i/i_load_unit/result_o_reg[16]/G
i_ariane/i_cva6/ex_stage_i/lsu_i/i_load_unit/result_o_reg[17]/G
i_ariane/i_cva6/ex_stage_i/lsu_i/i_load_unit/result_o_reg[18]/G
i_ariane/i_cva6/ex_stage_i/lsu_i/i_load_unit/result_o_reg[19]/G
i_ariane/i_cva6/ex_stage_i/lsu_i/i_load_unit/result_o_reg[1]/G
i_ariane/i_cva6/ex_stage_i/lsu_i/i_load_unit/result_o_reg[20]/G
i_ariane/i_cva6/ex_stage_i/lsu_i/i_load_unit/result_o_reg[21]/G
i_ariane/i_cva6/ex_stage_i/lsu_i/i_load_unit/result_o_reg[22]/G
i_ariane/i_cva6/ex_stage_i/lsu_i/i_load_unit/result_o_reg[23]/G
i_ariane/i_cva6/ex_stage_i/lsu_i/i_load_unit/result_o_reg[24]/G
i_ariane/i_cva6/ex_stage_i/lsu_i/i_load_unit/result_o_reg[25]/G
i_ariane/i_cva6/ex_stage_i/lsu_i/i_load_unit/result_o_reg[26]/G
i_ariane/i_cva6/ex_stage_i/lsu_i/i_load_unit/result_o_reg[27]/G
i_ariane/i_cva6/ex_stage_i/lsu_i/i_load_unit/result_o_reg[28]/G
i_ariane/i_cva6/ex_stage_i/lsu_i/i_load_unit/result_o_reg[29]/G
i_ariane/i_cva6/ex_stage_i/lsu_i/i_load_unit/result_o_reg[2]/G
i_ariane/i_cva6/ex_stage_i/lsu_i/i_load_unit/result_o_reg[30]/G
i_ariane/i_cva6/ex_stage_i/lsu_i/i_load_unit/result_o_reg[31]/G
i_ariane/i_cva6/ex_stage_i/lsu_i/i_load_unit/result_o_reg[3]/G
i_ariane/i_cva6/ex_stage_i/lsu_i/i_load_unit/result_o_reg[4]/G
i_ariane/i_cva6/ex_stage_i/lsu_i/i_load_unit/result_o_reg[5]/G
i_ariane/i_cva6/ex_stage_i/lsu_i/i_load_unit/result_o_reg[6]/G
i_ariane/i_cva6/ex_stage_i/lsu_i/i_load_unit/result_o_reg[7]/G
i_ariane/i_cva6/ex_stage_i/lsu_i/i_load_unit/result_o_reg[8]/G
i_ariane/i_cva6/ex_stage_i/lsu_i/i_load_unit/result_o_reg[9]/G

 There are 32 register/latch pins with no clock driven by root clock pin: i_ariane/i_cva6/ex_stage_i/lsu_i/i_load_unit/ldbuf_q_reg[0][operation][3]/Q (HIGH)

i_ariane/i_cva6/ex_stage_i/lsu_i/i_load_unit/result_o_reg[0]/G
i_ariane/i_cva6/ex_stage_i/lsu_i/i_load_unit/result_o_reg[10]/G
i_ariane/i_cva6/ex_stage_i/lsu_i/i_load_unit/result_o_reg[11]/G
i_ariane/i_cva6/ex_stage_i/lsu_i/i_load_unit/result_o_reg[12]/G
i_ariane/i_cva6/ex_stage_i/lsu_i/i_load_unit/result_o_reg[13]/G
i_ariane/i_cva6/ex_stage_i/lsu_i/i_load_unit/result_o_reg[14]/G
i_ariane/i_cva6/ex_stage_i/lsu_i/i_load_unit/result_o_reg[15]/G
i_ariane/i_cva6/ex_stage_i/lsu_i/i_load_unit/result_o_reg[16]/G
i_ariane/i_cva6/ex_stage_i/lsu_i/i_load_unit/result_o_reg[17]/G
i_ariane/i_cva6/ex_stage_i/lsu_i/i_load_unit/result_o_reg[18]/G
i_ariane/i_cva6/ex_stage_i/lsu_i/i_load_unit/result_o_reg[19]/G
i_ariane/i_cva6/ex_stage_i/lsu_i/i_load_unit/result_o_reg[1]/G
i_ariane/i_cva6/ex_stage_i/lsu_i/i_load_unit/result_o_reg[20]/G
i_ariane/i_cva6/ex_stage_i/lsu_i/i_load_unit/result_o_reg[21]/G
i_ariane/i_cva6/ex_stage_i/lsu_i/i_load_unit/result_o_reg[22]/G
i_ariane/i_cva6/ex_stage_i/lsu_i/i_load_unit/result_o_reg[23]/G
i_ariane/i_cva6/ex_stage_i/lsu_i/i_load_unit/result_o_reg[24]/G
i_ariane/i_cva6/ex_stage_i/lsu_i/i_load_unit/result_o_reg[25]/G
i_ariane/i_cva6/ex_stage_i/lsu_i/i_load_unit/result_o_reg[26]/G
i_ariane/i_cva6/ex_stage_i/lsu_i/i_load_unit/result_o_reg[27]/G
i_ariane/i_cva6/ex_stage_i/lsu_i/i_load_unit/result_o_reg[28]/G
i_ariane/i_cva6/ex_stage_i/lsu_i/i_load_unit/result_o_reg[29]/G
i_ariane/i_cva6/ex_stage_i/lsu_i/i_load_unit/result_o_reg[2]/G
i_ariane/i_cva6/ex_stage_i/lsu_i/i_load_unit/result_o_reg[30]/G
i_ariane/i_cva6/ex_stage_i/lsu_i/i_load_unit/result_o_reg[31]/G
i_ariane/i_cva6/ex_stage_i/lsu_i/i_load_unit/result_o_reg[3]/G
i_ariane/i_cva6/ex_stage_i/lsu_i/i_load_unit/result_o_reg[4]/G
i_ariane/i_cva6/ex_stage_i/lsu_i/i_load_unit/result_o_reg[5]/G
i_ariane/i_cva6/ex_stage_i/lsu_i/i_load_unit/result_o_reg[6]/G
i_ariane/i_cva6/ex_stage_i/lsu_i/i_load_unit/result_o_reg[7]/G
i_ariane/i_cva6/ex_stage_i/lsu_i/i_load_unit/result_o_reg[8]/G
i_ariane/i_cva6/ex_stage_i/lsu_i/i_load_unit/result_o_reg[9]/G

 There are 32 register/latch pins with no clock driven by root clock pin: i_ariane/i_cva6/ex_stage_i/lsu_i/i_load_unit/ldbuf_q_reg[0][operation][4]/Q (HIGH)

i_ariane/i_cva6/ex_stage_i/lsu_i/i_load_unit/result_o_reg[0]/G
i_ariane/i_cva6/ex_stage_i/lsu_i/i_load_unit/result_o_reg[10]/G
i_ariane/i_cva6/ex_stage_i/lsu_i/i_load_unit/result_o_reg[11]/G
i_ariane/i_cva6/ex_stage_i/lsu_i/i_load_unit/result_o_reg[12]/G
i_ariane/i_cva6/ex_stage_i/lsu_i/i_load_unit/result_o_reg[13]/G
i_ariane/i_cva6/ex_stage_i/lsu_i/i_load_unit/result_o_reg[14]/G
i_ariane/i_cva6/ex_stage_i/lsu_i/i_load_unit/result_o_reg[15]/G
i_ariane/i_cva6/ex_stage_i/lsu_i/i_load_unit/result_o_reg[16]/G
i_ariane/i_cva6/ex_stage_i/lsu_i/i_load_unit/result_o_reg[17]/G
i_ariane/i_cva6/ex_stage_i/lsu_i/i_load_unit/result_o_reg[18]/G
i_ariane/i_cva6/ex_stage_i/lsu_i/i_load_unit/result_o_reg[19]/G
i_ariane/i_cva6/ex_stage_i/lsu_i/i_load_unit/result_o_reg[1]/G
i_ariane/i_cva6/ex_stage_i/lsu_i/i_load_unit/result_o_reg[20]/G
i_ariane/i_cva6/ex_stage_i/lsu_i/i_load_unit/result_o_reg[21]/G
i_ariane/i_cva6/ex_stage_i/lsu_i/i_load_unit/result_o_reg[22]/G
i_ariane/i_cva6/ex_stage_i/lsu_i/i_load_unit/result_o_reg[23]/G
i_ariane/i_cva6/ex_stage_i/lsu_i/i_load_unit/result_o_reg[24]/G
i_ariane/i_cva6/ex_stage_i/lsu_i/i_load_unit/result_o_reg[25]/G
i_ariane/i_cva6/ex_stage_i/lsu_i/i_load_unit/result_o_reg[26]/G
i_ariane/i_cva6/ex_stage_i/lsu_i/i_load_unit/result_o_reg[27]/G
i_ariane/i_cva6/ex_stage_i/lsu_i/i_load_unit/result_o_reg[28]/G
i_ariane/i_cva6/ex_stage_i/lsu_i/i_load_unit/result_o_reg[29]/G
i_ariane/i_cva6/ex_stage_i/lsu_i/i_load_unit/result_o_reg[2]/G
i_ariane/i_cva6/ex_stage_i/lsu_i/i_load_unit/result_o_reg[30]/G
i_ariane/i_cva6/ex_stage_i/lsu_i/i_load_unit/result_o_reg[31]/G
i_ariane/i_cva6/ex_stage_i/lsu_i/i_load_unit/result_o_reg[3]/G
i_ariane/i_cva6/ex_stage_i/lsu_i/i_load_unit/result_o_reg[4]/G
i_ariane/i_cva6/ex_stage_i/lsu_i/i_load_unit/result_o_reg[5]/G
i_ariane/i_cva6/ex_stage_i/lsu_i/i_load_unit/result_o_reg[6]/G
i_ariane/i_cva6/ex_stage_i/lsu_i/i_load_unit/result_o_reg[7]/G
i_ariane/i_cva6/ex_stage_i/lsu_i/i_load_unit/result_o_reg[8]/G
i_ariane/i_cva6/ex_stage_i/lsu_i/i_load_unit/result_o_reg[9]/G

 There are 32 register/latch pins with no clock driven by root clock pin: i_ariane/i_cva6/ex_stage_i/lsu_i/i_load_unit/ldbuf_q_reg[0][operation][5]/Q (HIGH)

i_ariane/i_cva6/ex_stage_i/lsu_i/i_load_unit/result_o_reg[0]/G
i_ariane/i_cva6/ex_stage_i/lsu_i/i_load_unit/result_o_reg[10]/G
i_ariane/i_cva6/ex_stage_i/lsu_i/i_load_unit/result_o_reg[11]/G
i_ariane/i_cva6/ex_stage_i/lsu_i/i_load_unit/result_o_reg[12]/G
i_ariane/i_cva6/ex_stage_i/lsu_i/i_load_unit/result_o_reg[13]/G
i_ariane/i_cva6/ex_stage_i/lsu_i/i_load_unit/result_o_reg[14]/G
i_ariane/i_cva6/ex_stage_i/lsu_i/i_load_unit/result_o_reg[15]/G
i_ariane/i_cva6/ex_stage_i/lsu_i/i_load_unit/result_o_reg[16]/G
i_ariane/i_cva6/ex_stage_i/lsu_i/i_load_unit/result_o_reg[17]/G
i_ariane/i_cva6/ex_stage_i/lsu_i/i_load_unit/result_o_reg[18]/G
i_ariane/i_cva6/ex_stage_i/lsu_i/i_load_unit/result_o_reg[19]/G
i_ariane/i_cva6/ex_stage_i/lsu_i/i_load_unit/result_o_reg[1]/G
i_ariane/i_cva6/ex_stage_i/lsu_i/i_load_unit/result_o_reg[20]/G
i_ariane/i_cva6/ex_stage_i/lsu_i/i_load_unit/result_o_reg[21]/G
i_ariane/i_cva6/ex_stage_i/lsu_i/i_load_unit/result_o_reg[22]/G
i_ariane/i_cva6/ex_stage_i/lsu_i/i_load_unit/result_o_reg[23]/G
i_ariane/i_cva6/ex_stage_i/lsu_i/i_load_unit/result_o_reg[24]/G
i_ariane/i_cva6/ex_stage_i/lsu_i/i_load_unit/result_o_reg[25]/G
i_ariane/i_cva6/ex_stage_i/lsu_i/i_load_unit/result_o_reg[26]/G
i_ariane/i_cva6/ex_stage_i/lsu_i/i_load_unit/result_o_reg[27]/G
i_ariane/i_cva6/ex_stage_i/lsu_i/i_load_unit/result_o_reg[28]/G
i_ariane/i_cva6/ex_stage_i/lsu_i/i_load_unit/result_o_reg[29]/G
i_ariane/i_cva6/ex_stage_i/lsu_i/i_load_unit/result_o_reg[2]/G
i_ariane/i_cva6/ex_stage_i/lsu_i/i_load_unit/result_o_reg[30]/G
i_ariane/i_cva6/ex_stage_i/lsu_i/i_load_unit/result_o_reg[31]/G
i_ariane/i_cva6/ex_stage_i/lsu_i/i_load_unit/result_o_reg[3]/G
i_ariane/i_cva6/ex_stage_i/lsu_i/i_load_unit/result_o_reg[4]/G
i_ariane/i_cva6/ex_stage_i/lsu_i/i_load_unit/result_o_reg[5]/G
i_ariane/i_cva6/ex_stage_i/lsu_i/i_load_unit/result_o_reg[6]/G
i_ariane/i_cva6/ex_stage_i/lsu_i/i_load_unit/result_o_reg[7]/G
i_ariane/i_cva6/ex_stage_i/lsu_i/i_load_unit/result_o_reg[8]/G
i_ariane/i_cva6/ex_stage_i/lsu_i/i_load_unit/result_o_reg[9]/G

 There are 32 register/latch pins with no clock driven by root clock pin: i_ariane/i_cva6/ex_stage_i/lsu_i/i_load_unit/ldbuf_q_reg[0][operation][6]/Q (HIGH)

i_ariane/i_cva6/ex_stage_i/lsu_i/i_load_unit/result_o_reg[0]/G
i_ariane/i_cva6/ex_stage_i/lsu_i/i_load_unit/result_o_reg[10]/G
i_ariane/i_cva6/ex_stage_i/lsu_i/i_load_unit/result_o_reg[11]/G
i_ariane/i_cva6/ex_stage_i/lsu_i/i_load_unit/result_o_reg[12]/G
i_ariane/i_cva6/ex_stage_i/lsu_i/i_load_unit/result_o_reg[13]/G
i_ariane/i_cva6/ex_stage_i/lsu_i/i_load_unit/result_o_reg[14]/G
i_ariane/i_cva6/ex_stage_i/lsu_i/i_load_unit/result_o_reg[15]/G
i_ariane/i_cva6/ex_stage_i/lsu_i/i_load_unit/result_o_reg[16]/G
i_ariane/i_cva6/ex_stage_i/lsu_i/i_load_unit/result_o_reg[17]/G
i_ariane/i_cva6/ex_stage_i/lsu_i/i_load_unit/result_o_reg[18]/G
i_ariane/i_cva6/ex_stage_i/lsu_i/i_load_unit/result_o_reg[19]/G
i_ariane/i_cva6/ex_stage_i/lsu_i/i_load_unit/result_o_reg[1]/G
i_ariane/i_cva6/ex_stage_i/lsu_i/i_load_unit/result_o_reg[20]/G
i_ariane/i_cva6/ex_stage_i/lsu_i/i_load_unit/result_o_reg[21]/G
i_ariane/i_cva6/ex_stage_i/lsu_i/i_load_unit/result_o_reg[22]/G
i_ariane/i_cva6/ex_stage_i/lsu_i/i_load_unit/result_o_reg[23]/G
i_ariane/i_cva6/ex_stage_i/lsu_i/i_load_unit/result_o_reg[24]/G
i_ariane/i_cva6/ex_stage_i/lsu_i/i_load_unit/result_o_reg[25]/G
i_ariane/i_cva6/ex_stage_i/lsu_i/i_load_unit/result_o_reg[26]/G
i_ariane/i_cva6/ex_stage_i/lsu_i/i_load_unit/result_o_reg[27]/G
i_ariane/i_cva6/ex_stage_i/lsu_i/i_load_unit/result_o_reg[28]/G
i_ariane/i_cva6/ex_stage_i/lsu_i/i_load_unit/result_o_reg[29]/G
i_ariane/i_cva6/ex_stage_i/lsu_i/i_load_unit/result_o_reg[2]/G
i_ariane/i_cva6/ex_stage_i/lsu_i/i_load_unit/result_o_reg[30]/G
i_ariane/i_cva6/ex_stage_i/lsu_i/i_load_unit/result_o_reg[31]/G
i_ariane/i_cva6/ex_stage_i/lsu_i/i_load_unit/result_o_reg[3]/G
i_ariane/i_cva6/ex_stage_i/lsu_i/i_load_unit/result_o_reg[4]/G
i_ariane/i_cva6/ex_stage_i/lsu_i/i_load_unit/result_o_reg[5]/G
i_ariane/i_cva6/ex_stage_i/lsu_i/i_load_unit/result_o_reg[6]/G
i_ariane/i_cva6/ex_stage_i/lsu_i/i_load_unit/result_o_reg[7]/G
i_ariane/i_cva6/ex_stage_i/lsu_i/i_load_unit/result_o_reg[8]/G
i_ariane/i_cva6/ex_stage_i/lsu_i/i_load_unit/result_o_reg[9]/G

 There are 32 register/latch pins with no clock driven by root clock pin: i_ariane/i_cva6/ex_stage_i/lsu_i/i_load_unit/ldbuf_q_reg[0][operation][7]/Q (HIGH)

i_ariane/i_cva6/ex_stage_i/lsu_i/i_load_unit/result_o_reg[0]/G
i_ariane/i_cva6/ex_stage_i/lsu_i/i_load_unit/result_o_reg[10]/G
i_ariane/i_cva6/ex_stage_i/lsu_i/i_load_unit/result_o_reg[11]/G
i_ariane/i_cva6/ex_stage_i/lsu_i/i_load_unit/result_o_reg[12]/G
i_ariane/i_cva6/ex_stage_i/lsu_i/i_load_unit/result_o_reg[13]/G
i_ariane/i_cva6/ex_stage_i/lsu_i/i_load_unit/result_o_reg[14]/G
i_ariane/i_cva6/ex_stage_i/lsu_i/i_load_unit/result_o_reg[15]/G
i_ariane/i_cva6/ex_stage_i/lsu_i/i_load_unit/result_o_reg[16]/G
i_ariane/i_cva6/ex_stage_i/lsu_i/i_load_unit/result_o_reg[17]/G
i_ariane/i_cva6/ex_stage_i/lsu_i/i_load_unit/result_o_reg[18]/G
i_ariane/i_cva6/ex_stage_i/lsu_i/i_load_unit/result_o_reg[19]/G
i_ariane/i_cva6/ex_stage_i/lsu_i/i_load_unit/result_o_reg[1]/G
i_ariane/i_cva6/ex_stage_i/lsu_i/i_load_unit/result_o_reg[20]/G
i_ariane/i_cva6/ex_stage_i/lsu_i/i_load_unit/result_o_reg[21]/G
i_ariane/i_cva6/ex_stage_i/lsu_i/i_load_unit/result_o_reg[22]/G
i_ariane/i_cva6/ex_stage_i/lsu_i/i_load_unit/result_o_reg[23]/G
i_ariane/i_cva6/ex_stage_i/lsu_i/i_load_unit/result_o_reg[24]/G
i_ariane/i_cva6/ex_stage_i/lsu_i/i_load_unit/result_o_reg[25]/G
i_ariane/i_cva6/ex_stage_i/lsu_i/i_load_unit/result_o_reg[26]/G
i_ariane/i_cva6/ex_stage_i/lsu_i/i_load_unit/result_o_reg[27]/G
i_ariane/i_cva6/ex_stage_i/lsu_i/i_load_unit/result_o_reg[28]/G
i_ariane/i_cva6/ex_stage_i/lsu_i/i_load_unit/result_o_reg[29]/G
i_ariane/i_cva6/ex_stage_i/lsu_i/i_load_unit/result_o_reg[2]/G
i_ariane/i_cva6/ex_stage_i/lsu_i/i_load_unit/result_o_reg[30]/G
i_ariane/i_cva6/ex_stage_i/lsu_i/i_load_unit/result_o_reg[31]/G
i_ariane/i_cva6/ex_stage_i/lsu_i/i_load_unit/result_o_reg[3]/G
i_ariane/i_cva6/ex_stage_i/lsu_i/i_load_unit/result_o_reg[4]/G
i_ariane/i_cva6/ex_stage_i/lsu_i/i_load_unit/result_o_reg[5]/G
i_ariane/i_cva6/ex_stage_i/lsu_i/i_load_unit/result_o_reg[6]/G
i_ariane/i_cva6/ex_stage_i/lsu_i/i_load_unit/result_o_reg[7]/G
i_ariane/i_cva6/ex_stage_i/lsu_i/i_load_unit/result_o_reg[8]/G
i_ariane/i_cva6/ex_stage_i/lsu_i/i_load_unit/result_o_reg[9]/G

 There are 32 register/latch pins with no clock driven by root clock pin: i_ariane/i_cva6/ex_stage_i/lsu_i/i_load_unit/ldbuf_q_reg[1][operation][0]/Q (HIGH)

i_ariane/i_cva6/ex_stage_i/lsu_i/i_load_unit/result_o_reg[0]/G
i_ariane/i_cva6/ex_stage_i/lsu_i/i_load_unit/result_o_reg[10]/G
i_ariane/i_cva6/ex_stage_i/lsu_i/i_load_unit/result_o_reg[11]/G
i_ariane/i_cva6/ex_stage_i/lsu_i/i_load_unit/result_o_reg[12]/G
i_ariane/i_cva6/ex_stage_i/lsu_i/i_load_unit/result_o_reg[13]/G
i_ariane/i_cva6/ex_stage_i/lsu_i/i_load_unit/result_o_reg[14]/G
i_ariane/i_cva6/ex_stage_i/lsu_i/i_load_unit/result_o_reg[15]/G
i_ariane/i_cva6/ex_stage_i/lsu_i/i_load_unit/result_o_reg[16]/G
i_ariane/i_cva6/ex_stage_i/lsu_i/i_load_unit/result_o_reg[17]/G
i_ariane/i_cva6/ex_stage_i/lsu_i/i_load_unit/result_o_reg[18]/G
i_ariane/i_cva6/ex_stage_i/lsu_i/i_load_unit/result_o_reg[19]/G
i_ariane/i_cva6/ex_stage_i/lsu_i/i_load_unit/result_o_reg[1]/G
i_ariane/i_cva6/ex_stage_i/lsu_i/i_load_unit/result_o_reg[20]/G
i_ariane/i_cva6/ex_stage_i/lsu_i/i_load_unit/result_o_reg[21]/G
i_ariane/i_cva6/ex_stage_i/lsu_i/i_load_unit/result_o_reg[22]/G
i_ariane/i_cva6/ex_stage_i/lsu_i/i_load_unit/result_o_reg[23]/G
i_ariane/i_cva6/ex_stage_i/lsu_i/i_load_unit/result_o_reg[24]/G
i_ariane/i_cva6/ex_stage_i/lsu_i/i_load_unit/result_o_reg[25]/G
i_ariane/i_cva6/ex_stage_i/lsu_i/i_load_unit/result_o_reg[26]/G
i_ariane/i_cva6/ex_stage_i/lsu_i/i_load_unit/result_o_reg[27]/G
i_ariane/i_cva6/ex_stage_i/lsu_i/i_load_unit/result_o_reg[28]/G
i_ariane/i_cva6/ex_stage_i/lsu_i/i_load_unit/result_o_reg[29]/G
i_ariane/i_cva6/ex_stage_i/lsu_i/i_load_unit/result_o_reg[2]/G
i_ariane/i_cva6/ex_stage_i/lsu_i/i_load_unit/result_o_reg[30]/G
i_ariane/i_cva6/ex_stage_i/lsu_i/i_load_unit/result_o_reg[31]/G
i_ariane/i_cva6/ex_stage_i/lsu_i/i_load_unit/result_o_reg[3]/G
i_ariane/i_cva6/ex_stage_i/lsu_i/i_load_unit/result_o_reg[4]/G
i_ariane/i_cva6/ex_stage_i/lsu_i/i_load_unit/result_o_reg[5]/G
i_ariane/i_cva6/ex_stage_i/lsu_i/i_load_unit/result_o_reg[6]/G
i_ariane/i_cva6/ex_stage_i/lsu_i/i_load_unit/result_o_reg[7]/G
i_ariane/i_cva6/ex_stage_i/lsu_i/i_load_unit/result_o_reg[8]/G
i_ariane/i_cva6/ex_stage_i/lsu_i/i_load_unit/result_o_reg[9]/G

 There are 32 register/latch pins with no clock driven by root clock pin: i_ariane/i_cva6/ex_stage_i/lsu_i/i_load_unit/ldbuf_q_reg[1][operation][1]/Q (HIGH)

i_ariane/i_cva6/ex_stage_i/lsu_i/i_load_unit/result_o_reg[0]/G
i_ariane/i_cva6/ex_stage_i/lsu_i/i_load_unit/result_o_reg[10]/G
i_ariane/i_cva6/ex_stage_i/lsu_i/i_load_unit/result_o_reg[11]/G
i_ariane/i_cva6/ex_stage_i/lsu_i/i_load_unit/result_o_reg[12]/G
i_ariane/i_cva6/ex_stage_i/lsu_i/i_load_unit/result_o_reg[13]/G
i_ariane/i_cva6/ex_stage_i/lsu_i/i_load_unit/result_o_reg[14]/G
i_ariane/i_cva6/ex_stage_i/lsu_i/i_load_unit/result_o_reg[15]/G
i_ariane/i_cva6/ex_stage_i/lsu_i/i_load_unit/result_o_reg[16]/G
i_ariane/i_cva6/ex_stage_i/lsu_i/i_load_unit/result_o_reg[17]/G
i_ariane/i_cva6/ex_stage_i/lsu_i/i_load_unit/result_o_reg[18]/G
i_ariane/i_cva6/ex_stage_i/lsu_i/i_load_unit/result_o_reg[19]/G
i_ariane/i_cva6/ex_stage_i/lsu_i/i_load_unit/result_o_reg[1]/G
i_ariane/i_cva6/ex_stage_i/lsu_i/i_load_unit/result_o_reg[20]/G
i_ariane/i_cva6/ex_stage_i/lsu_i/i_load_unit/result_o_reg[21]/G
i_ariane/i_cva6/ex_stage_i/lsu_i/i_load_unit/result_o_reg[22]/G
i_ariane/i_cva6/ex_stage_i/lsu_i/i_load_unit/result_o_reg[23]/G
i_ariane/i_cva6/ex_stage_i/lsu_i/i_load_unit/result_o_reg[24]/G
i_ariane/i_cva6/ex_stage_i/lsu_i/i_load_unit/result_o_reg[25]/G
i_ariane/i_cva6/ex_stage_i/lsu_i/i_load_unit/result_o_reg[26]/G
i_ariane/i_cva6/ex_stage_i/lsu_i/i_load_unit/result_o_reg[27]/G
i_ariane/i_cva6/ex_stage_i/lsu_i/i_load_unit/result_o_reg[28]/G
i_ariane/i_cva6/ex_stage_i/lsu_i/i_load_unit/result_o_reg[29]/G
i_ariane/i_cva6/ex_stage_i/lsu_i/i_load_unit/result_o_reg[2]/G
i_ariane/i_cva6/ex_stage_i/lsu_i/i_load_unit/result_o_reg[30]/G
i_ariane/i_cva6/ex_stage_i/lsu_i/i_load_unit/result_o_reg[31]/G
i_ariane/i_cva6/ex_stage_i/lsu_i/i_load_unit/result_o_reg[3]/G
i_ariane/i_cva6/ex_stage_i/lsu_i/i_load_unit/result_o_reg[4]/G
i_ariane/i_cva6/ex_stage_i/lsu_i/i_load_unit/result_o_reg[5]/G
i_ariane/i_cva6/ex_stage_i/lsu_i/i_load_unit/result_o_reg[6]/G
i_ariane/i_cva6/ex_stage_i/lsu_i/i_load_unit/result_o_reg[7]/G
i_ariane/i_cva6/ex_stage_i/lsu_i/i_load_unit/result_o_reg[8]/G
i_ariane/i_cva6/ex_stage_i/lsu_i/i_load_unit/result_o_reg[9]/G

 There are 32 register/latch pins with no clock driven by root clock pin: i_ariane/i_cva6/ex_stage_i/lsu_i/i_load_unit/ldbuf_q_reg[1][operation][2]/Q (HIGH)

i_ariane/i_cva6/ex_stage_i/lsu_i/i_load_unit/result_o_reg[0]/G
i_ariane/i_cva6/ex_stage_i/lsu_i/i_load_unit/result_o_reg[10]/G
i_ariane/i_cva6/ex_stage_i/lsu_i/i_load_unit/result_o_reg[11]/G
i_ariane/i_cva6/ex_stage_i/lsu_i/i_load_unit/result_o_reg[12]/G
i_ariane/i_cva6/ex_stage_i/lsu_i/i_load_unit/result_o_reg[13]/G
i_ariane/i_cva6/ex_stage_i/lsu_i/i_load_unit/result_o_reg[14]/G
i_ariane/i_cva6/ex_stage_i/lsu_i/i_load_unit/result_o_reg[15]/G
i_ariane/i_cva6/ex_stage_i/lsu_i/i_load_unit/result_o_reg[16]/G
i_ariane/i_cva6/ex_stage_i/lsu_i/i_load_unit/result_o_reg[17]/G
i_ariane/i_cva6/ex_stage_i/lsu_i/i_load_unit/result_o_reg[18]/G
i_ariane/i_cva6/ex_stage_i/lsu_i/i_load_unit/result_o_reg[19]/G
i_ariane/i_cva6/ex_stage_i/lsu_i/i_load_unit/result_o_reg[1]/G
i_ariane/i_cva6/ex_stage_i/lsu_i/i_load_unit/result_o_reg[20]/G
i_ariane/i_cva6/ex_stage_i/lsu_i/i_load_unit/result_o_reg[21]/G
i_ariane/i_cva6/ex_stage_i/lsu_i/i_load_unit/result_o_reg[22]/G
i_ariane/i_cva6/ex_stage_i/lsu_i/i_load_unit/result_o_reg[23]/G
i_ariane/i_cva6/ex_stage_i/lsu_i/i_load_unit/result_o_reg[24]/G
i_ariane/i_cva6/ex_stage_i/lsu_i/i_load_unit/result_o_reg[25]/G
i_ariane/i_cva6/ex_stage_i/lsu_i/i_load_unit/result_o_reg[26]/G
i_ariane/i_cva6/ex_stage_i/lsu_i/i_load_unit/result_o_reg[27]/G
i_ariane/i_cva6/ex_stage_i/lsu_i/i_load_unit/result_o_reg[28]/G
i_ariane/i_cva6/ex_stage_i/lsu_i/i_load_unit/result_o_reg[29]/G
i_ariane/i_cva6/ex_stage_i/lsu_i/i_load_unit/result_o_reg[2]/G
i_ariane/i_cva6/ex_stage_i/lsu_i/i_load_unit/result_o_reg[30]/G
i_ariane/i_cva6/ex_stage_i/lsu_i/i_load_unit/result_o_reg[31]/G
i_ariane/i_cva6/ex_stage_i/lsu_i/i_load_unit/result_o_reg[3]/G
i_ariane/i_cva6/ex_stage_i/lsu_i/i_load_unit/result_o_reg[4]/G
i_ariane/i_cva6/ex_stage_i/lsu_i/i_load_unit/result_o_reg[5]/G
i_ariane/i_cva6/ex_stage_i/lsu_i/i_load_unit/result_o_reg[6]/G
i_ariane/i_cva6/ex_stage_i/lsu_i/i_load_unit/result_o_reg[7]/G
i_ariane/i_cva6/ex_stage_i/lsu_i/i_load_unit/result_o_reg[8]/G
i_ariane/i_cva6/ex_stage_i/lsu_i/i_load_unit/result_o_reg[9]/G

 There are 32 register/latch pins with no clock driven by root clock pin: i_ariane/i_cva6/ex_stage_i/lsu_i/i_load_unit/ldbuf_q_reg[1][operation][3]/Q (HIGH)

i_ariane/i_cva6/ex_stage_i/lsu_i/i_load_unit/result_o_reg[0]/G
i_ariane/i_cva6/ex_stage_i/lsu_i/i_load_unit/result_o_reg[10]/G
i_ariane/i_cva6/ex_stage_i/lsu_i/i_load_unit/result_o_reg[11]/G
i_ariane/i_cva6/ex_stage_i/lsu_i/i_load_unit/result_o_reg[12]/G
i_ariane/i_cva6/ex_stage_i/lsu_i/i_load_unit/result_o_reg[13]/G
i_ariane/i_cva6/ex_stage_i/lsu_i/i_load_unit/result_o_reg[14]/G
i_ariane/i_cva6/ex_stage_i/lsu_i/i_load_unit/result_o_reg[15]/G
i_ariane/i_cva6/ex_stage_i/lsu_i/i_load_unit/result_o_reg[16]/G
i_ariane/i_cva6/ex_stage_i/lsu_i/i_load_unit/result_o_reg[17]/G
i_ariane/i_cva6/ex_stage_i/lsu_i/i_load_unit/result_o_reg[18]/G
i_ariane/i_cva6/ex_stage_i/lsu_i/i_load_unit/result_o_reg[19]/G
i_ariane/i_cva6/ex_stage_i/lsu_i/i_load_unit/result_o_reg[1]/G
i_ariane/i_cva6/ex_stage_i/lsu_i/i_load_unit/result_o_reg[20]/G
i_ariane/i_cva6/ex_stage_i/lsu_i/i_load_unit/result_o_reg[21]/G
i_ariane/i_cva6/ex_stage_i/lsu_i/i_load_unit/result_o_reg[22]/G
i_ariane/i_cva6/ex_stage_i/lsu_i/i_load_unit/result_o_reg[23]/G
i_ariane/i_cva6/ex_stage_i/lsu_i/i_load_unit/result_o_reg[24]/G
i_ariane/i_cva6/ex_stage_i/lsu_i/i_load_unit/result_o_reg[25]/G
i_ariane/i_cva6/ex_stage_i/lsu_i/i_load_unit/result_o_reg[26]/G
i_ariane/i_cva6/ex_stage_i/lsu_i/i_load_unit/result_o_reg[27]/G
i_ariane/i_cva6/ex_stage_i/lsu_i/i_load_unit/result_o_reg[28]/G
i_ariane/i_cva6/ex_stage_i/lsu_i/i_load_unit/result_o_reg[29]/G
i_ariane/i_cva6/ex_stage_i/lsu_i/i_load_unit/result_o_reg[2]/G
i_ariane/i_cva6/ex_stage_i/lsu_i/i_load_unit/result_o_reg[30]/G
i_ariane/i_cva6/ex_stage_i/lsu_i/i_load_unit/result_o_reg[31]/G
i_ariane/i_cva6/ex_stage_i/lsu_i/i_load_unit/result_o_reg[3]/G
i_ariane/i_cva6/ex_stage_i/lsu_i/i_load_unit/result_o_reg[4]/G
i_ariane/i_cva6/ex_stage_i/lsu_i/i_load_unit/result_o_reg[5]/G
i_ariane/i_cva6/ex_stage_i/lsu_i/i_load_unit/result_o_reg[6]/G
i_ariane/i_cva6/ex_stage_i/lsu_i/i_load_unit/result_o_reg[7]/G
i_ariane/i_cva6/ex_stage_i/lsu_i/i_load_unit/result_o_reg[8]/G
i_ariane/i_cva6/ex_stage_i/lsu_i/i_load_unit/result_o_reg[9]/G

 There are 32 register/latch pins with no clock driven by root clock pin: i_ariane/i_cva6/ex_stage_i/lsu_i/i_load_unit/ldbuf_q_reg[1][operation][4]/Q (HIGH)

i_ariane/i_cva6/ex_stage_i/lsu_i/i_load_unit/result_o_reg[0]/G
i_ariane/i_cva6/ex_stage_i/lsu_i/i_load_unit/result_o_reg[10]/G
i_ariane/i_cva6/ex_stage_i/lsu_i/i_load_unit/result_o_reg[11]/G
i_ariane/i_cva6/ex_stage_i/lsu_i/i_load_unit/result_o_reg[12]/G
i_ariane/i_cva6/ex_stage_i/lsu_i/i_load_unit/result_o_reg[13]/G
i_ariane/i_cva6/ex_stage_i/lsu_i/i_load_unit/result_o_reg[14]/G
i_ariane/i_cva6/ex_stage_i/lsu_i/i_load_unit/result_o_reg[15]/G
i_ariane/i_cva6/ex_stage_i/lsu_i/i_load_unit/result_o_reg[16]/G
i_ariane/i_cva6/ex_stage_i/lsu_i/i_load_unit/result_o_reg[17]/G
i_ariane/i_cva6/ex_stage_i/lsu_i/i_load_unit/result_o_reg[18]/G
i_ariane/i_cva6/ex_stage_i/lsu_i/i_load_unit/result_o_reg[19]/G
i_ariane/i_cva6/ex_stage_i/lsu_i/i_load_unit/result_o_reg[1]/G
i_ariane/i_cva6/ex_stage_i/lsu_i/i_load_unit/result_o_reg[20]/G
i_ariane/i_cva6/ex_stage_i/lsu_i/i_load_unit/result_o_reg[21]/G
i_ariane/i_cva6/ex_stage_i/lsu_i/i_load_unit/result_o_reg[22]/G
i_ariane/i_cva6/ex_stage_i/lsu_i/i_load_unit/result_o_reg[23]/G
i_ariane/i_cva6/ex_stage_i/lsu_i/i_load_unit/result_o_reg[24]/G
i_ariane/i_cva6/ex_stage_i/lsu_i/i_load_unit/result_o_reg[25]/G
i_ariane/i_cva6/ex_stage_i/lsu_i/i_load_unit/result_o_reg[26]/G
i_ariane/i_cva6/ex_stage_i/lsu_i/i_load_unit/result_o_reg[27]/G
i_ariane/i_cva6/ex_stage_i/lsu_i/i_load_unit/result_o_reg[28]/G
i_ariane/i_cva6/ex_stage_i/lsu_i/i_load_unit/result_o_reg[29]/G
i_ariane/i_cva6/ex_stage_i/lsu_i/i_load_unit/result_o_reg[2]/G
i_ariane/i_cva6/ex_stage_i/lsu_i/i_load_unit/result_o_reg[30]/G
i_ariane/i_cva6/ex_stage_i/lsu_i/i_load_unit/result_o_reg[31]/G
i_ariane/i_cva6/ex_stage_i/lsu_i/i_load_unit/result_o_reg[3]/G
i_ariane/i_cva6/ex_stage_i/lsu_i/i_load_unit/result_o_reg[4]/G
i_ariane/i_cva6/ex_stage_i/lsu_i/i_load_unit/result_o_reg[5]/G
i_ariane/i_cva6/ex_stage_i/lsu_i/i_load_unit/result_o_reg[6]/G
i_ariane/i_cva6/ex_stage_i/lsu_i/i_load_unit/result_o_reg[7]/G
i_ariane/i_cva6/ex_stage_i/lsu_i/i_load_unit/result_o_reg[8]/G
i_ariane/i_cva6/ex_stage_i/lsu_i/i_load_unit/result_o_reg[9]/G

 There are 32 register/latch pins with no clock driven by root clock pin: i_ariane/i_cva6/ex_stage_i/lsu_i/i_load_unit/ldbuf_q_reg[1][operation][5]/Q (HIGH)

i_ariane/i_cva6/ex_stage_i/lsu_i/i_load_unit/result_o_reg[0]/G
i_ariane/i_cva6/ex_stage_i/lsu_i/i_load_unit/result_o_reg[10]/G
i_ariane/i_cva6/ex_stage_i/lsu_i/i_load_unit/result_o_reg[11]/G
i_ariane/i_cva6/ex_stage_i/lsu_i/i_load_unit/result_o_reg[12]/G
i_ariane/i_cva6/ex_stage_i/lsu_i/i_load_unit/result_o_reg[13]/G
i_ariane/i_cva6/ex_stage_i/lsu_i/i_load_unit/result_o_reg[14]/G
i_ariane/i_cva6/ex_stage_i/lsu_i/i_load_unit/result_o_reg[15]/G
i_ariane/i_cva6/ex_stage_i/lsu_i/i_load_unit/result_o_reg[16]/G
i_ariane/i_cva6/ex_stage_i/lsu_i/i_load_unit/result_o_reg[17]/G
i_ariane/i_cva6/ex_stage_i/lsu_i/i_load_unit/result_o_reg[18]/G
i_ariane/i_cva6/ex_stage_i/lsu_i/i_load_unit/result_o_reg[19]/G
i_ariane/i_cva6/ex_stage_i/lsu_i/i_load_unit/result_o_reg[1]/G
i_ariane/i_cva6/ex_stage_i/lsu_i/i_load_unit/result_o_reg[20]/G
i_ariane/i_cva6/ex_stage_i/lsu_i/i_load_unit/result_o_reg[21]/G
i_ariane/i_cva6/ex_stage_i/lsu_i/i_load_unit/result_o_reg[22]/G
i_ariane/i_cva6/ex_stage_i/lsu_i/i_load_unit/result_o_reg[23]/G
i_ariane/i_cva6/ex_stage_i/lsu_i/i_load_unit/result_o_reg[24]/G
i_ariane/i_cva6/ex_stage_i/lsu_i/i_load_unit/result_o_reg[25]/G
i_ariane/i_cva6/ex_stage_i/lsu_i/i_load_unit/result_o_reg[26]/G
i_ariane/i_cva6/ex_stage_i/lsu_i/i_load_unit/result_o_reg[27]/G
i_ariane/i_cva6/ex_stage_i/lsu_i/i_load_unit/result_o_reg[28]/G
i_ariane/i_cva6/ex_stage_i/lsu_i/i_load_unit/result_o_reg[29]/G
i_ariane/i_cva6/ex_stage_i/lsu_i/i_load_unit/result_o_reg[2]/G
i_ariane/i_cva6/ex_stage_i/lsu_i/i_load_unit/result_o_reg[30]/G
i_ariane/i_cva6/ex_stage_i/lsu_i/i_load_unit/result_o_reg[31]/G
i_ariane/i_cva6/ex_stage_i/lsu_i/i_load_unit/result_o_reg[3]/G
i_ariane/i_cva6/ex_stage_i/lsu_i/i_load_unit/result_o_reg[4]/G
i_ariane/i_cva6/ex_stage_i/lsu_i/i_load_unit/result_o_reg[5]/G
i_ariane/i_cva6/ex_stage_i/lsu_i/i_load_unit/result_o_reg[6]/G
i_ariane/i_cva6/ex_stage_i/lsu_i/i_load_unit/result_o_reg[7]/G
i_ariane/i_cva6/ex_stage_i/lsu_i/i_load_unit/result_o_reg[8]/G
i_ariane/i_cva6/ex_stage_i/lsu_i/i_load_unit/result_o_reg[9]/G

 There are 32 register/latch pins with no clock driven by root clock pin: i_ariane/i_cva6/ex_stage_i/lsu_i/i_load_unit/ldbuf_q_reg[1][operation][6]/Q (HIGH)

i_ariane/i_cva6/ex_stage_i/lsu_i/i_load_unit/result_o_reg[0]/G
i_ariane/i_cva6/ex_stage_i/lsu_i/i_load_unit/result_o_reg[10]/G
i_ariane/i_cva6/ex_stage_i/lsu_i/i_load_unit/result_o_reg[11]/G
i_ariane/i_cva6/ex_stage_i/lsu_i/i_load_unit/result_o_reg[12]/G
i_ariane/i_cva6/ex_stage_i/lsu_i/i_load_unit/result_o_reg[13]/G
i_ariane/i_cva6/ex_stage_i/lsu_i/i_load_unit/result_o_reg[14]/G
i_ariane/i_cva6/ex_stage_i/lsu_i/i_load_unit/result_o_reg[15]/G
i_ariane/i_cva6/ex_stage_i/lsu_i/i_load_unit/result_o_reg[16]/G
i_ariane/i_cva6/ex_stage_i/lsu_i/i_load_unit/result_o_reg[17]/G
i_ariane/i_cva6/ex_stage_i/lsu_i/i_load_unit/result_o_reg[18]/G
i_ariane/i_cva6/ex_stage_i/lsu_i/i_load_unit/result_o_reg[19]/G
i_ariane/i_cva6/ex_stage_i/lsu_i/i_load_unit/result_o_reg[1]/G
i_ariane/i_cva6/ex_stage_i/lsu_i/i_load_unit/result_o_reg[20]/G
i_ariane/i_cva6/ex_stage_i/lsu_i/i_load_unit/result_o_reg[21]/G
i_ariane/i_cva6/ex_stage_i/lsu_i/i_load_unit/result_o_reg[22]/G
i_ariane/i_cva6/ex_stage_i/lsu_i/i_load_unit/result_o_reg[23]/G
i_ariane/i_cva6/ex_stage_i/lsu_i/i_load_unit/result_o_reg[24]/G
i_ariane/i_cva6/ex_stage_i/lsu_i/i_load_unit/result_o_reg[25]/G
i_ariane/i_cva6/ex_stage_i/lsu_i/i_load_unit/result_o_reg[26]/G
i_ariane/i_cva6/ex_stage_i/lsu_i/i_load_unit/result_o_reg[27]/G
i_ariane/i_cva6/ex_stage_i/lsu_i/i_load_unit/result_o_reg[28]/G
i_ariane/i_cva6/ex_stage_i/lsu_i/i_load_unit/result_o_reg[29]/G
i_ariane/i_cva6/ex_stage_i/lsu_i/i_load_unit/result_o_reg[2]/G
i_ariane/i_cva6/ex_stage_i/lsu_i/i_load_unit/result_o_reg[30]/G
i_ariane/i_cva6/ex_stage_i/lsu_i/i_load_unit/result_o_reg[31]/G
i_ariane/i_cva6/ex_stage_i/lsu_i/i_load_unit/result_o_reg[3]/G
i_ariane/i_cva6/ex_stage_i/lsu_i/i_load_unit/result_o_reg[4]/G
i_ariane/i_cva6/ex_stage_i/lsu_i/i_load_unit/result_o_reg[5]/G
i_ariane/i_cva6/ex_stage_i/lsu_i/i_load_unit/result_o_reg[6]/G
i_ariane/i_cva6/ex_stage_i/lsu_i/i_load_unit/result_o_reg[7]/G
i_ariane/i_cva6/ex_stage_i/lsu_i/i_load_unit/result_o_reg[8]/G
i_ariane/i_cva6/ex_stage_i/lsu_i/i_load_unit/result_o_reg[9]/G

 There are 32 register/latch pins with no clock driven by root clock pin: i_ariane/i_cva6/ex_stage_i/lsu_i/i_load_unit/ldbuf_q_reg[1][operation][7]/Q (HIGH)

i_ariane/i_cva6/ex_stage_i/lsu_i/i_load_unit/result_o_reg[0]/G
i_ariane/i_cva6/ex_stage_i/lsu_i/i_load_unit/result_o_reg[10]/G
i_ariane/i_cva6/ex_stage_i/lsu_i/i_load_unit/result_o_reg[11]/G
i_ariane/i_cva6/ex_stage_i/lsu_i/i_load_unit/result_o_reg[12]/G
i_ariane/i_cva6/ex_stage_i/lsu_i/i_load_unit/result_o_reg[13]/G
i_ariane/i_cva6/ex_stage_i/lsu_i/i_load_unit/result_o_reg[14]/G
i_ariane/i_cva6/ex_stage_i/lsu_i/i_load_unit/result_o_reg[15]/G
i_ariane/i_cva6/ex_stage_i/lsu_i/i_load_unit/result_o_reg[16]/G
i_ariane/i_cva6/ex_stage_i/lsu_i/i_load_unit/result_o_reg[17]/G
i_ariane/i_cva6/ex_stage_i/lsu_i/i_load_unit/result_o_reg[18]/G
i_ariane/i_cva6/ex_stage_i/lsu_i/i_load_unit/result_o_reg[19]/G
i_ariane/i_cva6/ex_stage_i/lsu_i/i_load_unit/result_o_reg[1]/G
i_ariane/i_cva6/ex_stage_i/lsu_i/i_load_unit/result_o_reg[20]/G
i_ariane/i_cva6/ex_stage_i/lsu_i/i_load_unit/result_o_reg[21]/G
i_ariane/i_cva6/ex_stage_i/lsu_i/i_load_unit/result_o_reg[22]/G
i_ariane/i_cva6/ex_stage_i/lsu_i/i_load_unit/result_o_reg[23]/G
i_ariane/i_cva6/ex_stage_i/lsu_i/i_load_unit/result_o_reg[24]/G
i_ariane/i_cva6/ex_stage_i/lsu_i/i_load_unit/result_o_reg[25]/G
i_ariane/i_cva6/ex_stage_i/lsu_i/i_load_unit/result_o_reg[26]/G
i_ariane/i_cva6/ex_stage_i/lsu_i/i_load_unit/result_o_reg[27]/G
i_ariane/i_cva6/ex_stage_i/lsu_i/i_load_unit/result_o_reg[28]/G
i_ariane/i_cva6/ex_stage_i/lsu_i/i_load_unit/result_o_reg[29]/G
i_ariane/i_cva6/ex_stage_i/lsu_i/i_load_unit/result_o_reg[2]/G
i_ariane/i_cva6/ex_stage_i/lsu_i/i_load_unit/result_o_reg[30]/G
i_ariane/i_cva6/ex_stage_i/lsu_i/i_load_unit/result_o_reg[31]/G
i_ariane/i_cva6/ex_stage_i/lsu_i/i_load_unit/result_o_reg[3]/G
i_ariane/i_cva6/ex_stage_i/lsu_i/i_load_unit/result_o_reg[4]/G
i_ariane/i_cva6/ex_stage_i/lsu_i/i_load_unit/result_o_reg[5]/G
i_ariane/i_cva6/ex_stage_i/lsu_i/i_load_unit/result_o_reg[6]/G
i_ariane/i_cva6/ex_stage_i/lsu_i/i_load_unit/result_o_reg[7]/G
i_ariane/i_cva6/ex_stage_i/lsu_i/i_load_unit/result_o_reg[8]/G
i_ariane/i_cva6/ex_stage_i/lsu_i/i_load_unit/result_o_reg[9]/G

 There are 32 register/latch pins with no clock driven by root clock pin: i_ariane/i_cva6/gen_cache_wt.i_cache_subsystem/i_wt_dcache/gen_rd_ports[1].i_wt_dcache_ctrl/id_q_reg[0]/Q (HIGH)

i_ariane/i_cva6/ex_stage_i/lsu_i/i_load_unit/result_o_reg[0]/G
i_ariane/i_cva6/ex_stage_i/lsu_i/i_load_unit/result_o_reg[10]/G
i_ariane/i_cva6/ex_stage_i/lsu_i/i_load_unit/result_o_reg[11]/G
i_ariane/i_cva6/ex_stage_i/lsu_i/i_load_unit/result_o_reg[12]/G
i_ariane/i_cva6/ex_stage_i/lsu_i/i_load_unit/result_o_reg[13]/G
i_ariane/i_cva6/ex_stage_i/lsu_i/i_load_unit/result_o_reg[14]/G
i_ariane/i_cva6/ex_stage_i/lsu_i/i_load_unit/result_o_reg[15]/G
i_ariane/i_cva6/ex_stage_i/lsu_i/i_load_unit/result_o_reg[16]/G
i_ariane/i_cva6/ex_stage_i/lsu_i/i_load_unit/result_o_reg[17]/G
i_ariane/i_cva6/ex_stage_i/lsu_i/i_load_unit/result_o_reg[18]/G
i_ariane/i_cva6/ex_stage_i/lsu_i/i_load_unit/result_o_reg[19]/G
i_ariane/i_cva6/ex_stage_i/lsu_i/i_load_unit/result_o_reg[1]/G
i_ariane/i_cva6/ex_stage_i/lsu_i/i_load_unit/result_o_reg[20]/G
i_ariane/i_cva6/ex_stage_i/lsu_i/i_load_unit/result_o_reg[21]/G
i_ariane/i_cva6/ex_stage_i/lsu_i/i_load_unit/result_o_reg[22]/G
i_ariane/i_cva6/ex_stage_i/lsu_i/i_load_unit/result_o_reg[23]/G
i_ariane/i_cva6/ex_stage_i/lsu_i/i_load_unit/result_o_reg[24]/G
i_ariane/i_cva6/ex_stage_i/lsu_i/i_load_unit/result_o_reg[25]/G
i_ariane/i_cva6/ex_stage_i/lsu_i/i_load_unit/result_o_reg[26]/G
i_ariane/i_cva6/ex_stage_i/lsu_i/i_load_unit/result_o_reg[27]/G
i_ariane/i_cva6/ex_stage_i/lsu_i/i_load_unit/result_o_reg[28]/G
i_ariane/i_cva6/ex_stage_i/lsu_i/i_load_unit/result_o_reg[29]/G
i_ariane/i_cva6/ex_stage_i/lsu_i/i_load_unit/result_o_reg[2]/G
i_ariane/i_cva6/ex_stage_i/lsu_i/i_load_unit/result_o_reg[30]/G
i_ariane/i_cva6/ex_stage_i/lsu_i/i_load_unit/result_o_reg[31]/G
i_ariane/i_cva6/ex_stage_i/lsu_i/i_load_unit/result_o_reg[3]/G
i_ariane/i_cva6/ex_stage_i/lsu_i/i_load_unit/result_o_reg[4]/G
i_ariane/i_cva6/ex_stage_i/lsu_i/i_load_unit/result_o_reg[5]/G
i_ariane/i_cva6/ex_stage_i/lsu_i/i_load_unit/result_o_reg[6]/G
i_ariane/i_cva6/ex_stage_i/lsu_i/i_load_unit/result_o_reg[7]/G
i_ariane/i_cva6/ex_stage_i/lsu_i/i_load_unit/result_o_reg[8]/G
i_ariane/i_cva6/ex_stage_i/lsu_i/i_load_unit/result_o_reg[9]/G

 There are 4 register/latch pins with no clock driven by root clock pin: i_ariane/i_cva6/i_frontend/icache_vaddr_q_reg[1]/Q (HIGH)

i_ariane/i_cva6/i_frontend/bht_gen.i_bht/gen_fpga_bht.bht_prediction_o_reg[0][taken]/G
i_ariane/i_cva6/i_frontend/bht_gen.i_bht/gen_fpga_bht.bht_prediction_o_reg[0][valid]/G
i_ariane/i_cva6/i_frontend/bht_gen.i_bht/gen_fpga_bht.bht_prediction_o_reg[1][taken]/G
i_ariane/i_cva6/i_frontend/bht_gen.i_bht/gen_fpga_bht.bht_prediction_o_reg[1][valid]/G


2. checking constant_clock (0)
------------------------------
 There are 0 register/latch pins with constant_clock.


3. checking pulse_width_clock (0)
---------------------------------
 There are 0 register/latch pins which need pulse_width check


4. checking unconstrained_internal_endpoints (746)
--------------------------------------------------
 There are 746 pins that are not constrained for maximum delay. (HIGH)

i_ariane/i_cva6/ex_stage_i/lsu_i/i_load_unit/result_o_reg[0]/D
i_ariane/i_cva6/ex_stage_i/lsu_i/i_load_unit/result_o_reg[10]/D
i_ariane/i_cva6/ex_stage_i/lsu_i/i_load_unit/result_o_reg[11]/D
i_ariane/i_cva6/ex_stage_i/lsu_i/i_load_unit/result_o_reg[12]/D
i_ariane/i_cva6/ex_stage_i/lsu_i/i_load_unit/result_o_reg[13]/D
i_ariane/i_cva6/ex_stage_i/lsu_i/i_load_unit/result_o_reg[14]/D
i_ariane/i_cva6/ex_stage_i/lsu_i/i_load_unit/result_o_reg[15]/D
i_ariane/i_cva6/ex_stage_i/lsu_i/i_load_unit/result_o_reg[16]/D
i_ariane/i_cva6/ex_stage_i/lsu_i/i_load_unit/result_o_reg[17]/D
i_ariane/i_cva6/ex_stage_i/lsu_i/i_load_unit/result_o_reg[18]/D
i_ariane/i_cva6/ex_stage_i/lsu_i/i_load_unit/result_o_reg[19]/D
i_ariane/i_cva6/ex_stage_i/lsu_i/i_load_unit/result_o_reg[1]/D
i_ariane/i_cva6/ex_stage_i/lsu_i/i_load_unit/result_o_reg[20]/D
i_ariane/i_cva6/ex_stage_i/lsu_i/i_load_unit/result_o_reg[21]/D
i_ariane/i_cva6/ex_stage_i/lsu_i/i_load_unit/result_o_reg[22]/D
i_ariane/i_cva6/ex_stage_i/lsu_i/i_load_unit/result_o_reg[23]/D
i_ariane/i_cva6/ex_stage_i/lsu_i/i_load_unit/result_o_reg[24]/D
i_ariane/i_cva6/ex_stage_i/lsu_i/i_load_unit/result_o_reg[25]/D
i_ariane/i_cva6/ex_stage_i/lsu_i/i_load_unit/result_o_reg[26]/D
i_ariane/i_cva6/ex_stage_i/lsu_i/i_load_unit/result_o_reg[27]/D
i_ariane/i_cva6/ex_stage_i/lsu_i/i_load_unit/result_o_reg[28]/D
i_ariane/i_cva6/ex_stage_i/lsu_i/i_load_unit/result_o_reg[29]/D
i_ariane/i_cva6/ex_stage_i/lsu_i/i_load_unit/result_o_reg[2]/D
i_ariane/i_cva6/ex_stage_i/lsu_i/i_load_unit/result_o_reg[30]/D
i_ariane/i_cva6/ex_stage_i/lsu_i/i_load_unit/result_o_reg[31]/D
i_ariane/i_cva6/ex_stage_i/lsu_i/i_load_unit/result_o_reg[3]/D
i_ariane/i_cva6/ex_stage_i/lsu_i/i_load_unit/result_o_reg[4]/D
i_ariane/i_cva6/ex_stage_i/lsu_i/i_load_unit/result_o_reg[5]/D
i_ariane/i_cva6/ex_stage_i/lsu_i/i_load_unit/result_o_reg[6]/D
i_ariane/i_cva6/ex_stage_i/lsu_i/i_load_unit/result_o_reg[7]/D
i_ariane/i_cva6/ex_stage_i/lsu_i/i_load_unit/result_o_reg[8]/D
i_ariane/i_cva6/ex_stage_i/lsu_i/i_load_unit/result_o_reg[9]/D
i_ariane/i_cva6/i_frontend/bht_gen.i_bht/gen_fpga_bht.bht_prediction_o_reg[0][taken]/D
i_ariane/i_cva6/i_frontend/bht_gen.i_bht/gen_fpga_bht.bht_prediction_o_reg[0][valid]/D
i_ariane/i_cva6/i_frontend/bht_gen.i_bht/gen_fpga_bht.bht_prediction_o_reg[1][taken]/D
i_ariane/i_cva6/i_frontend/bht_gen.i_bht/gen_fpga_bht.bht_prediction_o_reg[1][valid]/D
i_dmi_jtag/FSM_sequential_state_q_reg[0]/CLR
i_dmi_jtag/FSM_sequential_state_q_reg[0]/D
i_dmi_jtag/FSM_sequential_state_q_reg[1]/CLR
i_dmi_jtag/FSM_sequential_state_q_reg[1]/D
i_dmi_jtag/FSM_sequential_state_q_reg[2]/CLR
i_dmi_jtag/FSM_sequential_state_q_reg[2]/D
i_dmi_jtag/address_q_reg[0]/CE
i_dmi_jtag/address_q_reg[0]/CLR
i_dmi_jtag/address_q_reg[0]/D
i_dmi_jtag/address_q_reg[1]/CE
i_dmi_jtag/address_q_reg[1]/CLR
i_dmi_jtag/address_q_reg[1]/D
i_dmi_jtag/address_q_reg[2]/CE
i_dmi_jtag/address_q_reg[2]/CLR
i_dmi_jtag/address_q_reg[2]/D
i_dmi_jtag/address_q_reg[3]/CE
i_dmi_jtag/address_q_reg[3]/CLR
i_dmi_jtag/address_q_reg[3]/D
i_dmi_jtag/address_q_reg[4]/CE
i_dmi_jtag/address_q_reg[4]/CLR
i_dmi_jtag/address_q_reg[4]/D
i_dmi_jtag/address_q_reg[5]/CE
i_dmi_jtag/address_q_reg[5]/CLR
i_dmi_jtag/address_q_reg[5]/D
i_dmi_jtag/address_q_reg[6]/CE
i_dmi_jtag/address_q_reg[6]/CLR
i_dmi_jtag/address_q_reg[6]/D
i_dmi_jtag/data_q_reg[0]/CE
i_dmi_jtag/data_q_reg[0]/CLR
i_dmi_jtag/data_q_reg[0]/D
i_dmi_jtag/data_q_reg[10]/CE
i_dmi_jtag/data_q_reg[10]/CLR
i_dmi_jtag/data_q_reg[10]/D
i_dmi_jtag/data_q_reg[11]/CE
i_dmi_jtag/data_q_reg[11]/CLR
i_dmi_jtag/data_q_reg[11]/D
i_dmi_jtag/data_q_reg[12]/CE
i_dmi_jtag/data_q_reg[12]/CLR
i_dmi_jtag/data_q_reg[12]/D
i_dmi_jtag/data_q_reg[13]/CE
i_dmi_jtag/data_q_reg[13]/CLR
i_dmi_jtag/data_q_reg[13]/D
i_dmi_jtag/data_q_reg[14]/CE
i_dmi_jtag/data_q_reg[14]/CLR
i_dmi_jtag/data_q_reg[14]/D
i_dmi_jtag/data_q_reg[15]/CE
i_dmi_jtag/data_q_reg[15]/CLR
i_dmi_jtag/data_q_reg[15]/D
i_dmi_jtag/data_q_reg[16]/CE
i_dmi_jtag/data_q_reg[16]/CLR
i_dmi_jtag/data_q_reg[16]/D
i_dmi_jtag/data_q_reg[17]/CE
i_dmi_jtag/data_q_reg[17]/CLR
i_dmi_jtag/data_q_reg[17]/D
i_dmi_jtag/data_q_reg[18]/CE
i_dmi_jtag/data_q_reg[18]/CLR
i_dmi_jtag/data_q_reg[18]/D
i_dmi_jtag/data_q_reg[19]/CE
i_dmi_jtag/data_q_reg[19]/CLR
i_dmi_jtag/data_q_reg[19]/D
i_dmi_jtag/data_q_reg[1]/CE
i_dmi_jtag/data_q_reg[1]/CLR
i_dmi_jtag/data_q_reg[1]/D
i_dmi_jtag/data_q_reg[20]/CE
i_dmi_jtag/data_q_reg[20]/CLR
i_dmi_jtag/data_q_reg[20]/D
i_dmi_jtag/data_q_reg[21]/CE
i_dmi_jtag/data_q_reg[21]/CLR
i_dmi_jtag/data_q_reg[21]/D
i_dmi_jtag/data_q_reg[22]/CE
i_dmi_jtag/data_q_reg[22]/CLR
i_dmi_jtag/data_q_reg[22]/D
i_dmi_jtag/data_q_reg[23]/CE
i_dmi_jtag/data_q_reg[23]/CLR
i_dmi_jtag/data_q_reg[23]/D
i_dmi_jtag/data_q_reg[24]/CE
i_dmi_jtag/data_q_reg[24]/CLR
i_dmi_jtag/data_q_reg[24]/D
i_dmi_jtag/data_q_reg[25]/CE
i_dmi_jtag/data_q_reg[25]/CLR
i_dmi_jtag/data_q_reg[25]/D
i_dmi_jtag/data_q_reg[26]/CE
i_dmi_jtag/data_q_reg[26]/CLR
i_dmi_jtag/data_q_reg[26]/D
i_dmi_jtag/data_q_reg[27]/CE
i_dmi_jtag/data_q_reg[27]/CLR
i_dmi_jtag/data_q_reg[27]/D
i_dmi_jtag/data_q_reg[28]/CE
i_dmi_jtag/data_q_reg[28]/CLR
i_dmi_jtag/data_q_reg[28]/D
i_dmi_jtag/data_q_reg[29]/CE
i_dmi_jtag/data_q_reg[29]/CLR
i_dmi_jtag/data_q_reg[29]/D
i_dmi_jtag/data_q_reg[2]/CE
i_dmi_jtag/data_q_reg[2]/CLR
i_dmi_jtag/data_q_reg[2]/D
i_dmi_jtag/data_q_reg[30]/CE
i_dmi_jtag/data_q_reg[30]/CLR
i_dmi_jtag/data_q_reg[30]/D
i_dmi_jtag/data_q_reg[31]/CE
i_dmi_jtag/data_q_reg[31]/CLR
i_dmi_jtag/data_q_reg[31]/D
i_dmi_jtag/data_q_reg[3]/CE
i_dmi_jtag/data_q_reg[3]/CLR
i_dmi_jtag/data_q_reg[3]/D
i_dmi_jtag/data_q_reg[4]/CE
i_dmi_jtag/data_q_reg[4]/CLR
i_dmi_jtag/data_q_reg[4]/D
i_dmi_jtag/data_q_reg[5]/CE
i_dmi_jtag/data_q_reg[5]/CLR
i_dmi_jtag/data_q_reg[5]/D
i_dmi_jtag/data_q_reg[6]/CE
i_dmi_jtag/data_q_reg[6]/CLR
i_dmi_jtag/data_q_reg[6]/D
i_dmi_jtag/data_q_reg[7]/CE
i_dmi_jtag/data_q_reg[7]/CLR
i_dmi_jtag/data_q_reg[7]/D
i_dmi_jtag/data_q_reg[8]/CE
i_dmi_jtag/data_q_reg[8]/CLR
i_dmi_jtag/data_q_reg[8]/D
i_dmi_jtag/data_q_reg[9]/CE
i_dmi_jtag/data_q_reg[9]/CLR
i_dmi_jtag/data_q_reg[9]/D
i_dmi_jtag/dr_q_reg[0]/CE
i_dmi_jtag/dr_q_reg[0]/CLR
i_dmi_jtag/dr_q_reg[0]/D
i_dmi_jtag/dr_q_reg[10]/CE
i_dmi_jtag/dr_q_reg[10]/CLR
i_dmi_jtag/dr_q_reg[10]/D
i_dmi_jtag/dr_q_reg[11]/CE
i_dmi_jtag/dr_q_reg[11]/CLR
i_dmi_jtag/dr_q_reg[11]/D
i_dmi_jtag/dr_q_reg[12]/CE
i_dmi_jtag/dr_q_reg[12]/CLR
i_dmi_jtag/dr_q_reg[12]/D
i_dmi_jtag/dr_q_reg[13]/CE
i_dmi_jtag/dr_q_reg[13]/CLR
i_dmi_jtag/dr_q_reg[13]/D
i_dmi_jtag/dr_q_reg[14]/CE
i_dmi_jtag/dr_q_reg[14]/CLR
i_dmi_jtag/dr_q_reg[14]/D
i_dmi_jtag/dr_q_reg[15]/CE
i_dmi_jtag/dr_q_reg[15]/CLR
i_dmi_jtag/dr_q_reg[15]/D
i_dmi_jtag/dr_q_reg[16]/CE
i_dmi_jtag/dr_q_reg[16]/CLR
i_dmi_jtag/dr_q_reg[16]/D
i_dmi_jtag/dr_q_reg[17]/CE
i_dmi_jtag/dr_q_reg[17]/CLR
i_dmi_jtag/dr_q_reg[17]/D
i_dmi_jtag/dr_q_reg[18]/CE
i_dmi_jtag/dr_q_reg[18]/CLR
i_dmi_jtag/dr_q_reg[18]/D
i_dmi_jtag/dr_q_reg[19]/CE
i_dmi_jtag/dr_q_reg[19]/CLR
i_dmi_jtag/dr_q_reg[19]/D
i_dmi_jtag/dr_q_reg[1]/CE
i_dmi_jtag/dr_q_reg[1]/CLR
i_dmi_jtag/dr_q_reg[1]/D
i_dmi_jtag/dr_q_reg[20]/CE
i_dmi_jtag/dr_q_reg[20]/CLR
i_dmi_jtag/dr_q_reg[20]/D
i_dmi_jtag/dr_q_reg[21]/CE
i_dmi_jtag/dr_q_reg[21]/CLR
i_dmi_jtag/dr_q_reg[21]/D
i_dmi_jtag/dr_q_reg[22]/CE
i_dmi_jtag/dr_q_reg[22]/CLR
i_dmi_jtag/dr_q_reg[22]/D
i_dmi_jtag/dr_q_reg[23]/CE
i_dmi_jtag/dr_q_reg[23]/CLR
i_dmi_jtag/dr_q_reg[23]/D
i_dmi_jtag/dr_q_reg[24]/CE
i_dmi_jtag/dr_q_reg[24]/CLR
i_dmi_jtag/dr_q_reg[24]/D
i_dmi_jtag/dr_q_reg[25]/CE
i_dmi_jtag/dr_q_reg[25]/CLR
i_dmi_jtag/dr_q_reg[25]/D
i_dmi_jtag/dr_q_reg[26]/CE
i_dmi_jtag/dr_q_reg[26]/CLR
i_dmi_jtag/dr_q_reg[26]/D
i_dmi_jtag/dr_q_reg[27]/CE
i_dmi_jtag/dr_q_reg[27]/CLR
i_dmi_jtag/dr_q_reg[27]/D
i_dmi_jtag/dr_q_reg[28]/CE
i_dmi_jtag/dr_q_reg[28]/CLR
i_dmi_jtag/dr_q_reg[28]/D
i_dmi_jtag/dr_q_reg[29]/CE
i_dmi_jtag/dr_q_reg[29]/CLR
i_dmi_jtag/dr_q_reg[29]/D
i_dmi_jtag/dr_q_reg[2]/CE
i_dmi_jtag/dr_q_reg[2]/CLR
i_dmi_jtag/dr_q_reg[2]/D
i_dmi_jtag/dr_q_reg[30]/CE
i_dmi_jtag/dr_q_reg[30]/CLR
i_dmi_jtag/dr_q_reg[30]/D
i_dmi_jtag/dr_q_reg[31]/CE
i_dmi_jtag/dr_q_reg[31]/CLR
i_dmi_jtag/dr_q_reg[31]/D
i_dmi_jtag/dr_q_reg[32]/CE
i_dmi_jtag/dr_q_reg[32]/CLR
i_dmi_jtag/dr_q_reg[32]/D
i_dmi_jtag/dr_q_reg[33]/CE
i_dmi_jtag/dr_q_reg[33]/CLR
i_dmi_jtag/dr_q_reg[33]/D
i_dmi_jtag/dr_q_reg[34]/CE
i_dmi_jtag/dr_q_reg[34]/CLR
i_dmi_jtag/dr_q_reg[34]/D
i_dmi_jtag/dr_q_reg[35]/CE
i_dmi_jtag/dr_q_reg[35]/CLR
i_dmi_jtag/dr_q_reg[35]/D
i_dmi_jtag/dr_q_reg[36]/CE
i_dmi_jtag/dr_q_reg[36]/CLR
i_dmi_jtag/dr_q_reg[36]/D
i_dmi_jtag/dr_q_reg[37]/CE
i_dmi_jtag/dr_q_reg[37]/CLR
i_dmi_jtag/dr_q_reg[37]/D
i_dmi_jtag/dr_q_reg[38]/CE
i_dmi_jtag/dr_q_reg[38]/CLR
i_dmi_jtag/dr_q_reg[38]/D
i_dmi_jtag/dr_q_reg[39]/CE
i_dmi_jtag/dr_q_reg[39]/CLR
i_dmi_jtag/dr_q_reg[39]/D
i_dmi_jtag/dr_q_reg[3]/CE
i_dmi_jtag/dr_q_reg[3]/CLR
i_dmi_jtag/dr_q_reg[3]/D
i_dmi_jtag/dr_q_reg[40]/CE
i_dmi_jtag/dr_q_reg[40]/CLR
i_dmi_jtag/dr_q_reg[40]/D
i_dmi_jtag/dr_q_reg[4]/CE
i_dmi_jtag/dr_q_reg[4]/CLR
i_dmi_jtag/dr_q_reg[4]/D
i_dmi_jtag/dr_q_reg[5]/CE
i_dmi_jtag/dr_q_reg[5]/CLR
i_dmi_jtag/dr_q_reg[5]/D
i_dmi_jtag/dr_q_reg[6]/CE
i_dmi_jtag/dr_q_reg[6]/CLR
i_dmi_jtag/dr_q_reg[6]/D
i_dmi_jtag/dr_q_reg[7]/CE
i_dmi_jtag/dr_q_reg[7]/CLR
i_dmi_jtag/dr_q_reg[7]/D
i_dmi_jtag/dr_q_reg[8]/CE
i_dmi_jtag/dr_q_reg[8]/CLR
i_dmi_jtag/dr_q_reg[8]/D
i_dmi_jtag/dr_q_reg[9]/CE
i_dmi_jtag/dr_q_reg[9]/CLR
i_dmi_jtag/dr_q_reg[9]/D
i_dmi_jtag/error_q_reg[1]/CLR
i_dmi_jtag/error_q_reg[1]/D
i_dmi_jtag/i_dmi_cdc/i_cdc_req/i_src/ack_q_reg/CLR
i_dmi_jtag/i_dmi_cdc/i_cdc_req/i_src/ack_q_reg/D
i_dmi_jtag/i_dmi_cdc/i_cdc_req/i_src/ack_src_q_reg/CLR
i_dmi_jtag/i_dmi_cdc/i_cdc_req/i_src/data_src_q_reg[addr][0]/CE
i_dmi_jtag/i_dmi_cdc/i_cdc_req/i_src/data_src_q_reg[addr][0]/CLR
i_dmi_jtag/i_dmi_cdc/i_cdc_req/i_src/data_src_q_reg[addr][0]/D
i_dmi_jtag/i_dmi_cdc/i_cdc_req/i_src/data_src_q_reg[addr][1]/CE
i_dmi_jtag/i_dmi_cdc/i_cdc_req/i_src/data_src_q_reg[addr][1]/CLR
i_dmi_jtag/i_dmi_cdc/i_cdc_req/i_src/data_src_q_reg[addr][1]/D
i_dmi_jtag/i_dmi_cdc/i_cdc_req/i_src/data_src_q_reg[addr][2]/CE
i_dmi_jtag/i_dmi_cdc/i_cdc_req/i_src/data_src_q_reg[addr][2]/CLR
i_dmi_jtag/i_dmi_cdc/i_cdc_req/i_src/data_src_q_reg[addr][2]/D
i_dmi_jtag/i_dmi_cdc/i_cdc_req/i_src/data_src_q_reg[addr][3]/CE
i_dmi_jtag/i_dmi_cdc/i_cdc_req/i_src/data_src_q_reg[addr][3]/CLR
i_dmi_jtag/i_dmi_cdc/i_cdc_req/i_src/data_src_q_reg[addr][3]/D
i_dmi_jtag/i_dmi_cdc/i_cdc_req/i_src/data_src_q_reg[addr][4]/CE
i_dmi_jtag/i_dmi_cdc/i_cdc_req/i_src/data_src_q_reg[addr][4]/CLR
i_dmi_jtag/i_dmi_cdc/i_cdc_req/i_src/data_src_q_reg[addr][4]/D
i_dmi_jtag/i_dmi_cdc/i_cdc_req/i_src/data_src_q_reg[addr][5]/CE
i_dmi_jtag/i_dmi_cdc/i_cdc_req/i_src/data_src_q_reg[addr][5]/CLR
i_dmi_jtag/i_dmi_cdc/i_cdc_req/i_src/data_src_q_reg[addr][5]/D
i_dmi_jtag/i_dmi_cdc/i_cdc_req/i_src/data_src_q_reg[addr][6]/CE
i_dmi_jtag/i_dmi_cdc/i_cdc_req/i_src/data_src_q_reg[addr][6]/CLR
i_dmi_jtag/i_dmi_cdc/i_cdc_req/i_src/data_src_q_reg[addr][6]/D
i_dmi_jtag/i_dmi_cdc/i_cdc_req/i_src/data_src_q_reg[data][0]/CE
i_dmi_jtag/i_dmi_cdc/i_cdc_req/i_src/data_src_q_reg[data][0]/CLR
i_dmi_jtag/i_dmi_cdc/i_cdc_req/i_src/data_src_q_reg[data][0]/D
i_dmi_jtag/i_dmi_cdc/i_cdc_req/i_src/data_src_q_reg[data][10]/CE
i_dmi_jtag/i_dmi_cdc/i_cdc_req/i_src/data_src_q_reg[data][10]/CLR
i_dmi_jtag/i_dmi_cdc/i_cdc_req/i_src/data_src_q_reg[data][10]/D
i_dmi_jtag/i_dmi_cdc/i_cdc_req/i_src/data_src_q_reg[data][11]/CE
i_dmi_jtag/i_dmi_cdc/i_cdc_req/i_src/data_src_q_reg[data][11]/CLR
i_dmi_jtag/i_dmi_cdc/i_cdc_req/i_src/data_src_q_reg[data][11]/D
i_dmi_jtag/i_dmi_cdc/i_cdc_req/i_src/data_src_q_reg[data][12]/CE
i_dmi_jtag/i_dmi_cdc/i_cdc_req/i_src/data_src_q_reg[data][12]/CLR
i_dmi_jtag/i_dmi_cdc/i_cdc_req/i_src/data_src_q_reg[data][12]/D
i_dmi_jtag/i_dmi_cdc/i_cdc_req/i_src/data_src_q_reg[data][13]/CE
i_dmi_jtag/i_dmi_cdc/i_cdc_req/i_src/data_src_q_reg[data][13]/CLR
i_dmi_jtag/i_dmi_cdc/i_cdc_req/i_src/data_src_q_reg[data][13]/D
i_dmi_jtag/i_dmi_cdc/i_cdc_req/i_src/data_src_q_reg[data][14]/CE
i_dmi_jtag/i_dmi_cdc/i_cdc_req/i_src/data_src_q_reg[data][14]/CLR
i_dmi_jtag/i_dmi_cdc/i_cdc_req/i_src/data_src_q_reg[data][14]/D
i_dmi_jtag/i_dmi_cdc/i_cdc_req/i_src/data_src_q_reg[data][15]/CE
i_dmi_jtag/i_dmi_cdc/i_cdc_req/i_src/data_src_q_reg[data][15]/CLR
i_dmi_jtag/i_dmi_cdc/i_cdc_req/i_src/data_src_q_reg[data][15]/D
i_dmi_jtag/i_dmi_cdc/i_cdc_req/i_src/data_src_q_reg[data][16]/CE
i_dmi_jtag/i_dmi_cdc/i_cdc_req/i_src/data_src_q_reg[data][16]/CLR
i_dmi_jtag/i_dmi_cdc/i_cdc_req/i_src/data_src_q_reg[data][16]/D
i_dmi_jtag/i_dmi_cdc/i_cdc_req/i_src/data_src_q_reg[data][17]/CE
i_dmi_jtag/i_dmi_cdc/i_cdc_req/i_src/data_src_q_reg[data][17]/CLR
i_dmi_jtag/i_dmi_cdc/i_cdc_req/i_src/data_src_q_reg[data][17]/D
i_dmi_jtag/i_dmi_cdc/i_cdc_req/i_src/data_src_q_reg[data][18]/CE
i_dmi_jtag/i_dmi_cdc/i_cdc_req/i_src/data_src_q_reg[data][18]/CLR
i_dmi_jtag/i_dmi_cdc/i_cdc_req/i_src/data_src_q_reg[data][18]/D
i_dmi_jtag/i_dmi_cdc/i_cdc_req/i_src/data_src_q_reg[data][19]/CE
i_dmi_jtag/i_dmi_cdc/i_cdc_req/i_src/data_src_q_reg[data][19]/CLR
i_dmi_jtag/i_dmi_cdc/i_cdc_req/i_src/data_src_q_reg[data][19]/D
i_dmi_jtag/i_dmi_cdc/i_cdc_req/i_src/data_src_q_reg[data][1]/CE
i_dmi_jtag/i_dmi_cdc/i_cdc_req/i_src/data_src_q_reg[data][1]/CLR
i_dmi_jtag/i_dmi_cdc/i_cdc_req/i_src/data_src_q_reg[data][1]/D
i_dmi_jtag/i_dmi_cdc/i_cdc_req/i_src/data_src_q_reg[data][20]/CE
i_dmi_jtag/i_dmi_cdc/i_cdc_req/i_src/data_src_q_reg[data][20]/CLR
i_dmi_jtag/i_dmi_cdc/i_cdc_req/i_src/data_src_q_reg[data][20]/D
i_dmi_jtag/i_dmi_cdc/i_cdc_req/i_src/data_src_q_reg[data][21]/CE
i_dmi_jtag/i_dmi_cdc/i_cdc_req/i_src/data_src_q_reg[data][21]/CLR
i_dmi_jtag/i_dmi_cdc/i_cdc_req/i_src/data_src_q_reg[data][21]/D
i_dmi_jtag/i_dmi_cdc/i_cdc_req/i_src/data_src_q_reg[data][22]/CE
i_dmi_jtag/i_dmi_cdc/i_cdc_req/i_src/data_src_q_reg[data][22]/CLR
i_dmi_jtag/i_dmi_cdc/i_cdc_req/i_src/data_src_q_reg[data][22]/D
i_dmi_jtag/i_dmi_cdc/i_cdc_req/i_src/data_src_q_reg[data][23]/CE
i_dmi_jtag/i_dmi_cdc/i_cdc_req/i_src/data_src_q_reg[data][23]/CLR
i_dmi_jtag/i_dmi_cdc/i_cdc_req/i_src/data_src_q_reg[data][23]/D
i_dmi_jtag/i_dmi_cdc/i_cdc_req/i_src/data_src_q_reg[data][24]/CE
i_dmi_jtag/i_dmi_cdc/i_cdc_req/i_src/data_src_q_reg[data][24]/CLR
i_dmi_jtag/i_dmi_cdc/i_cdc_req/i_src/data_src_q_reg[data][24]/D
i_dmi_jtag/i_dmi_cdc/i_cdc_req/i_src/data_src_q_reg[data][25]/CE
i_dmi_jtag/i_dmi_cdc/i_cdc_req/i_src/data_src_q_reg[data][25]/CLR
i_dmi_jtag/i_dmi_cdc/i_cdc_req/i_src/data_src_q_reg[data][25]/D
i_dmi_jtag/i_dmi_cdc/i_cdc_req/i_src/data_src_q_reg[data][26]/CE
i_dmi_jtag/i_dmi_cdc/i_cdc_req/i_src/data_src_q_reg[data][26]/CLR
i_dmi_jtag/i_dmi_cdc/i_cdc_req/i_src/data_src_q_reg[data][26]/D
i_dmi_jtag/i_dmi_cdc/i_cdc_req/i_src/data_src_q_reg[data][27]/CE
i_dmi_jtag/i_dmi_cdc/i_cdc_req/i_src/data_src_q_reg[data][27]/CLR
i_dmi_jtag/i_dmi_cdc/i_cdc_req/i_src/data_src_q_reg[data][27]/D
i_dmi_jtag/i_dmi_cdc/i_cdc_req/i_src/data_src_q_reg[data][28]/CE
i_dmi_jtag/i_dmi_cdc/i_cdc_req/i_src/data_src_q_reg[data][28]/CLR
i_dmi_jtag/i_dmi_cdc/i_cdc_req/i_src/data_src_q_reg[data][28]/D
i_dmi_jtag/i_dmi_cdc/i_cdc_req/i_src/data_src_q_reg[data][29]/CE
i_dmi_jtag/i_dmi_cdc/i_cdc_req/i_src/data_src_q_reg[data][29]/CLR
i_dmi_jtag/i_dmi_cdc/i_cdc_req/i_src/data_src_q_reg[data][29]/D
i_dmi_jtag/i_dmi_cdc/i_cdc_req/i_src/data_src_q_reg[data][2]/CE
i_dmi_jtag/i_dmi_cdc/i_cdc_req/i_src/data_src_q_reg[data][2]/CLR
i_dmi_jtag/i_dmi_cdc/i_cdc_req/i_src/data_src_q_reg[data][2]/D
i_dmi_jtag/i_dmi_cdc/i_cdc_req/i_src/data_src_q_reg[data][30]/CE
i_dmi_jtag/i_dmi_cdc/i_cdc_req/i_src/data_src_q_reg[data][30]/CLR
i_dmi_jtag/i_dmi_cdc/i_cdc_req/i_src/data_src_q_reg[data][30]/D
i_dmi_jtag/i_dmi_cdc/i_cdc_req/i_src/data_src_q_reg[data][31]/CE
i_dmi_jtag/i_dmi_cdc/i_cdc_req/i_src/data_src_q_reg[data][31]/CLR
i_dmi_jtag/i_dmi_cdc/i_cdc_req/i_src/data_src_q_reg[data][31]/D
i_dmi_jtag/i_dmi_cdc/i_cdc_req/i_src/data_src_q_reg[data][3]/CE
i_dmi_jtag/i_dmi_cdc/i_cdc_req/i_src/data_src_q_reg[data][3]/CLR
i_dmi_jtag/i_dmi_cdc/i_cdc_req/i_src/data_src_q_reg[data][3]/D
i_dmi_jtag/i_dmi_cdc/i_cdc_req/i_src/data_src_q_reg[data][4]/CE
i_dmi_jtag/i_dmi_cdc/i_cdc_req/i_src/data_src_q_reg[data][4]/CLR
i_dmi_jtag/i_dmi_cdc/i_cdc_req/i_src/data_src_q_reg[data][4]/D
i_dmi_jtag/i_dmi_cdc/i_cdc_req/i_src/data_src_q_reg[data][5]/CE
i_dmi_jtag/i_dmi_cdc/i_cdc_req/i_src/data_src_q_reg[data][5]/CLR
i_dmi_jtag/i_dmi_cdc/i_cdc_req/i_src/data_src_q_reg[data][5]/D
i_dmi_jtag/i_dmi_cdc/i_cdc_req/i_src/data_src_q_reg[data][6]/CE
i_dmi_jtag/i_dmi_cdc/i_cdc_req/i_src/data_src_q_reg[data][6]/CLR
i_dmi_jtag/i_dmi_cdc/i_cdc_req/i_src/data_src_q_reg[data][6]/D
i_dmi_jtag/i_dmi_cdc/i_cdc_req/i_src/data_src_q_reg[data][7]/CE
i_dmi_jtag/i_dmi_cdc/i_cdc_req/i_src/data_src_q_reg[data][7]/CLR
i_dmi_jtag/i_dmi_cdc/i_cdc_req/i_src/data_src_q_reg[data][7]/D
i_dmi_jtag/i_dmi_cdc/i_cdc_req/i_src/data_src_q_reg[data][8]/CE
i_dmi_jtag/i_dmi_cdc/i_cdc_req/i_src/data_src_q_reg[data][8]/CLR
i_dmi_jtag/i_dmi_cdc/i_cdc_req/i_src/data_src_q_reg[data][8]/D
i_dmi_jtag/i_dmi_cdc/i_cdc_req/i_src/data_src_q_reg[data][9]/CE
i_dmi_jtag/i_dmi_cdc/i_cdc_req/i_src/data_src_q_reg[data][9]/CLR
i_dmi_jtag/i_dmi_cdc/i_cdc_req/i_src/data_src_q_reg[data][9]/D
i_dmi_jtag/i_dmi_cdc/i_cdc_req/i_src/data_src_q_reg[op][0]/CE
i_dmi_jtag/i_dmi_cdc/i_cdc_req/i_src/data_src_q_reg[op][0]/CLR
i_dmi_jtag/i_dmi_cdc/i_cdc_req/i_src/data_src_q_reg[op][0]/D
i_dmi_jtag/i_dmi_cdc/i_cdc_req/i_src/data_src_q_reg[op][1]/CE
i_dmi_jtag/i_dmi_cdc/i_cdc_req/i_src/data_src_q_reg[op][1]/CLR
i_dmi_jtag/i_dmi_cdc/i_cdc_req/i_src/data_src_q_reg[op][1]/D
i_dmi_jtag/i_dmi_cdc/i_cdc_req/i_src/req_src_q_reg/CE
i_dmi_jtag/i_dmi_cdc/i_cdc_req/i_src/req_src_q_reg/CLR
i_dmi_jtag/i_dmi_cdc/i_cdc_req/i_src/req_src_q_reg/D
i_dmi_jtag/i_dmi_cdc/i_cdc_resp/i_dst/ack_dst_q_reg/CLR
i_dmi_jtag/i_dmi_cdc/i_cdc_resp/i_dst/ack_dst_q_reg/D
i_dmi_jtag/i_dmi_cdc/i_cdc_resp/i_dst/data_dst_q_reg[data][0]/CE
i_dmi_jtag/i_dmi_cdc/i_cdc_resp/i_dst/data_dst_q_reg[data][0]/CLR
i_dmi_jtag/i_dmi_cdc/i_cdc_resp/i_dst/data_dst_q_reg[data][10]/CE
i_dmi_jtag/i_dmi_cdc/i_cdc_resp/i_dst/data_dst_q_reg[data][10]/CLR
i_dmi_jtag/i_dmi_cdc/i_cdc_resp/i_dst/data_dst_q_reg[data][11]/CE
i_dmi_jtag/i_dmi_cdc/i_cdc_resp/i_dst/data_dst_q_reg[data][11]/CLR
i_dmi_jtag/i_dmi_cdc/i_cdc_resp/i_dst/data_dst_q_reg[data][12]/CE
i_dmi_jtag/i_dmi_cdc/i_cdc_resp/i_dst/data_dst_q_reg[data][12]/CLR
i_dmi_jtag/i_dmi_cdc/i_cdc_resp/i_dst/data_dst_q_reg[data][13]/CE
i_dmi_jtag/i_dmi_cdc/i_cdc_resp/i_dst/data_dst_q_reg[data][13]/CLR
i_dmi_jtag/i_dmi_cdc/i_cdc_resp/i_dst/data_dst_q_reg[data][14]/CE
i_dmi_jtag/i_dmi_cdc/i_cdc_resp/i_dst/data_dst_q_reg[data][14]/CLR
i_dmi_jtag/i_dmi_cdc/i_cdc_resp/i_dst/data_dst_q_reg[data][15]/CE
i_dmi_jtag/i_dmi_cdc/i_cdc_resp/i_dst/data_dst_q_reg[data][15]/CLR
i_dmi_jtag/i_dmi_cdc/i_cdc_resp/i_dst/data_dst_q_reg[data][16]/CE
i_dmi_jtag/i_dmi_cdc/i_cdc_resp/i_dst/data_dst_q_reg[data][16]/CLR
i_dmi_jtag/i_dmi_cdc/i_cdc_resp/i_dst/data_dst_q_reg[data][17]/CE
i_dmi_jtag/i_dmi_cdc/i_cdc_resp/i_dst/data_dst_q_reg[data][17]/CLR
i_dmi_jtag/i_dmi_cdc/i_cdc_resp/i_dst/data_dst_q_reg[data][18]/CE
i_dmi_jtag/i_dmi_cdc/i_cdc_resp/i_dst/data_dst_q_reg[data][18]/CLR
i_dmi_jtag/i_dmi_cdc/i_cdc_resp/i_dst/data_dst_q_reg[data][19]/CE
i_dmi_jtag/i_dmi_cdc/i_cdc_resp/i_dst/data_dst_q_reg[data][19]/CLR
i_dmi_jtag/i_dmi_cdc/i_cdc_resp/i_dst/data_dst_q_reg[data][1]/CE
i_dmi_jtag/i_dmi_cdc/i_cdc_resp/i_dst/data_dst_q_reg[data][1]/CLR
i_dmi_jtag/i_dmi_cdc/i_cdc_resp/i_dst/data_dst_q_reg[data][20]/CE
i_dmi_jtag/i_dmi_cdc/i_cdc_resp/i_dst/data_dst_q_reg[data][20]/CLR
i_dmi_jtag/i_dmi_cdc/i_cdc_resp/i_dst/data_dst_q_reg[data][21]/CE
i_dmi_jtag/i_dmi_cdc/i_cdc_resp/i_dst/data_dst_q_reg[data][21]/CLR
i_dmi_jtag/i_dmi_cdc/i_cdc_resp/i_dst/data_dst_q_reg[data][22]/CE
i_dmi_jtag/i_dmi_cdc/i_cdc_resp/i_dst/data_dst_q_reg[data][22]/CLR
i_dmi_jtag/i_dmi_cdc/i_cdc_resp/i_dst/data_dst_q_reg[data][23]/CE
i_dmi_jtag/i_dmi_cdc/i_cdc_resp/i_dst/data_dst_q_reg[data][23]/CLR
i_dmi_jtag/i_dmi_cdc/i_cdc_resp/i_dst/data_dst_q_reg[data][24]/CE
i_dmi_jtag/i_dmi_cdc/i_cdc_resp/i_dst/data_dst_q_reg[data][24]/CLR
i_dmi_jtag/i_dmi_cdc/i_cdc_resp/i_dst/data_dst_q_reg[data][25]/CE
i_dmi_jtag/i_dmi_cdc/i_cdc_resp/i_dst/data_dst_q_reg[data][25]/CLR
i_dmi_jtag/i_dmi_cdc/i_cdc_resp/i_dst/data_dst_q_reg[data][26]/CE
i_dmi_jtag/i_dmi_cdc/i_cdc_resp/i_dst/data_dst_q_reg[data][26]/CLR
i_dmi_jtag/i_dmi_cdc/i_cdc_resp/i_dst/data_dst_q_reg[data][27]/CE
i_dmi_jtag/i_dmi_cdc/i_cdc_resp/i_dst/data_dst_q_reg[data][27]/CLR
i_dmi_jtag/i_dmi_cdc/i_cdc_resp/i_dst/data_dst_q_reg[data][28]/CE
i_dmi_jtag/i_dmi_cdc/i_cdc_resp/i_dst/data_dst_q_reg[data][28]/CLR
i_dmi_jtag/i_dmi_cdc/i_cdc_resp/i_dst/data_dst_q_reg[data][29]/CE
i_dmi_jtag/i_dmi_cdc/i_cdc_resp/i_dst/data_dst_q_reg[data][29]/CLR
i_dmi_jtag/i_dmi_cdc/i_cdc_resp/i_dst/data_dst_q_reg[data][2]/CE
i_dmi_jtag/i_dmi_cdc/i_cdc_resp/i_dst/data_dst_q_reg[data][2]/CLR
i_dmi_jtag/i_dmi_cdc/i_cdc_resp/i_dst/data_dst_q_reg[data][30]/CE
i_dmi_jtag/i_dmi_cdc/i_cdc_resp/i_dst/data_dst_q_reg[data][30]/CLR
i_dmi_jtag/i_dmi_cdc/i_cdc_resp/i_dst/data_dst_q_reg[data][31]/CE
i_dmi_jtag/i_dmi_cdc/i_cdc_resp/i_dst/data_dst_q_reg[data][31]/CLR
i_dmi_jtag/i_dmi_cdc/i_cdc_resp/i_dst/data_dst_q_reg[data][3]/CE
i_dmi_jtag/i_dmi_cdc/i_cdc_resp/i_dst/data_dst_q_reg[data][3]/CLR
i_dmi_jtag/i_dmi_cdc/i_cdc_resp/i_dst/data_dst_q_reg[data][4]/CE
i_dmi_jtag/i_dmi_cdc/i_cdc_resp/i_dst/data_dst_q_reg[data][4]/CLR
i_dmi_jtag/i_dmi_cdc/i_cdc_resp/i_dst/data_dst_q_reg[data][5]/CE
i_dmi_jtag/i_dmi_cdc/i_cdc_resp/i_dst/data_dst_q_reg[data][5]/CLR
i_dmi_jtag/i_dmi_cdc/i_cdc_resp/i_dst/data_dst_q_reg[data][6]/CE
i_dmi_jtag/i_dmi_cdc/i_cdc_resp/i_dst/data_dst_q_reg[data][6]/CLR
i_dmi_jtag/i_dmi_cdc/i_cdc_resp/i_dst/data_dst_q_reg[data][7]/CE
i_dmi_jtag/i_dmi_cdc/i_cdc_resp/i_dst/data_dst_q_reg[data][7]/CLR
i_dmi_jtag/i_dmi_cdc/i_cdc_resp/i_dst/data_dst_q_reg[data][8]/CE
i_dmi_jtag/i_dmi_cdc/i_cdc_resp/i_dst/data_dst_q_reg[data][8]/CLR
i_dmi_jtag/i_dmi_cdc/i_cdc_resp/i_dst/data_dst_q_reg[data][9]/CE
i_dmi_jtag/i_dmi_cdc/i_cdc_resp/i_dst/data_dst_q_reg[data][9]/CLR
i_dmi_jtag/i_dmi_cdc/i_cdc_resp/i_dst/data_dst_q_reg[resp][0]/CE
i_dmi_jtag/i_dmi_cdc/i_cdc_resp/i_dst/data_dst_q_reg[resp][0]/CLR
i_dmi_jtag/i_dmi_cdc/i_cdc_resp/i_dst/data_dst_q_reg[resp][1]/CE
i_dmi_jtag/i_dmi_cdc/i_cdc_resp/i_dst/data_dst_q_reg[resp][1]/CLR
i_dmi_jtag/i_dmi_cdc/i_cdc_resp/i_dst/req_dst_q_reg/CLR
i_dmi_jtag/i_dmi_cdc/i_cdc_resp/i_dst/req_q0_reg/CLR
i_dmi_jtag/i_dmi_cdc/i_cdc_resp/i_dst/req_q0_reg/D
i_dmi_jtag/i_dmi_cdc/i_cdc_resp/i_dst/req_q1_reg/CLR
i_dmi_jtag/i_dmi_cdc/i_cdc_resp/i_dst/req_q1_reg/D
i_dmi_jtag/i_dmi_jtag_tap/FSM_onehot_tap_state_q_reg[0]/D
i_dmi_jtag/i_dmi_jtag_tap/FSM_onehot_tap_state_q_reg[0]/PRE
i_dmi_jtag/i_dmi_jtag_tap/FSM_onehot_tap_state_q_reg[10]/CLR
i_dmi_jtag/i_dmi_jtag_tap/FSM_onehot_tap_state_q_reg[10]/D
i_dmi_jtag/i_dmi_jtag_tap/FSM_onehot_tap_state_q_reg[11]/CLR
i_dmi_jtag/i_dmi_jtag_tap/FSM_onehot_tap_state_q_reg[11]/D
i_dmi_jtag/i_dmi_jtag_tap/FSM_onehot_tap_state_q_reg[12]/CLR
i_dmi_jtag/i_dmi_jtag_tap/FSM_onehot_tap_state_q_reg[12]/D
i_dmi_jtag/i_dmi_jtag_tap/FSM_onehot_tap_state_q_reg[13]/CLR
i_dmi_jtag/i_dmi_jtag_tap/FSM_onehot_tap_state_q_reg[13]/D
i_dmi_jtag/i_dmi_jtag_tap/FSM_onehot_tap_state_q_reg[14]/CLR
i_dmi_jtag/i_dmi_jtag_tap/FSM_onehot_tap_state_q_reg[14]/D
i_dmi_jtag/i_dmi_jtag_tap/FSM_onehot_tap_state_q_reg[15]/CLR
i_dmi_jtag/i_dmi_jtag_tap/FSM_onehot_tap_state_q_reg[15]/D
i_dmi_jtag/i_dmi_jtag_tap/FSM_onehot_tap_state_q_reg[1]/CLR
i_dmi_jtag/i_dmi_jtag_tap/FSM_onehot_tap_state_q_reg[1]/D
i_dmi_jtag/i_dmi_jtag_tap/FSM_onehot_tap_state_q_reg[2]/CLR
i_dmi_jtag/i_dmi_jtag_tap/FSM_onehot_tap_state_q_reg[2]/D
i_dmi_jtag/i_dmi_jtag_tap/FSM_onehot_tap_state_q_reg[3]/CLR
i_dmi_jtag/i_dmi_jtag_tap/FSM_onehot_tap_state_q_reg[3]/D
i_dmi_jtag/i_dmi_jtag_tap/FSM_onehot_tap_state_q_reg[4]/CLR
i_dmi_jtag/i_dmi_jtag_tap/FSM_onehot_tap_state_q_reg[4]/D
i_dmi_jtag/i_dmi_jtag_tap/FSM_onehot_tap_state_q_reg[5]/CLR
i_dmi_jtag/i_dmi_jtag_tap/FSM_onehot_tap_state_q_reg[5]/D
i_dmi_jtag/i_dmi_jtag_tap/FSM_onehot_tap_state_q_reg[6]/CLR
i_dmi_jtag/i_dmi_jtag_tap/FSM_onehot_tap_state_q_reg[6]/D
i_dmi_jtag/i_dmi_jtag_tap/FSM_onehot_tap_state_q_reg[7]/CLR
i_dmi_jtag/i_dmi_jtag_tap/FSM_onehot_tap_state_q_reg[7]/D
i_dmi_jtag/i_dmi_jtag_tap/FSM_onehot_tap_state_q_reg[8]/CLR
i_dmi_jtag/i_dmi_jtag_tap/FSM_onehot_tap_state_q_reg[8]/D
i_dmi_jtag/i_dmi_jtag_tap/FSM_onehot_tap_state_q_reg[9]/CLR
i_dmi_jtag/i_dmi_jtag_tap/FSM_onehot_tap_state_q_reg[9]/D
i_dmi_jtag/i_dmi_jtag_tap/bypass_q_reg/CLR
i_dmi_jtag/i_dmi_jtag_tap/bypass_q_reg/D
i_dmi_jtag/i_dmi_jtag_tap/dtmcs_q_reg[abits][4]/CE
i_dmi_jtag/i_dmi_jtag_tap/dtmcs_q_reg[abits][4]/CLR
i_dmi_jtag/i_dmi_jtag_tap/dtmcs_q_reg[abits][4]/D
i_dmi_jtag/i_dmi_jtag_tap/dtmcs_q_reg[abits][5]/CE
i_dmi_jtag/i_dmi_jtag_tap/dtmcs_q_reg[abits][5]/CLR
i_dmi_jtag/i_dmi_jtag_tap/dtmcs_q_reg[abits][5]/D
i_dmi_jtag/i_dmi_jtag_tap/dtmcs_q_reg[abits][6]/CE
i_dmi_jtag/i_dmi_jtag_tap/dtmcs_q_reg[abits][6]/CLR
i_dmi_jtag/i_dmi_jtag_tap/dtmcs_q_reg[abits][6]/D
i_dmi_jtag/i_dmi_jtag_tap/dtmcs_q_reg[abits][7]/CE
i_dmi_jtag/i_dmi_jtag_tap/dtmcs_q_reg[abits][7]/CLR
i_dmi_jtag/i_dmi_jtag_tap/dtmcs_q_reg[abits][7]/D
i_dmi_jtag/i_dmi_jtag_tap/dtmcs_q_reg[abits][8]/CE
i_dmi_jtag/i_dmi_jtag_tap/dtmcs_q_reg[abits][8]/CLR
i_dmi_jtag/i_dmi_jtag_tap/dtmcs_q_reg[abits][8]/D
i_dmi_jtag/i_dmi_jtag_tap/dtmcs_q_reg[abits][9]/CE
i_dmi_jtag/i_dmi_jtag_tap/dtmcs_q_reg[abits][9]/CLR
i_dmi_jtag/i_dmi_jtag_tap/dtmcs_q_reg[abits][9]/D
i_dmi_jtag/i_dmi_jtag_tap/dtmcs_q_reg[dmihardreset]/CE
i_dmi_jtag/i_dmi_jtag_tap/dtmcs_q_reg[dmihardreset]/CLR
i_dmi_jtag/i_dmi_jtag_tap/dtmcs_q_reg[dmihardreset]/D
i_dmi_jtag/i_dmi_jtag_tap/dtmcs_q_reg[dmireset]/CE
i_dmi_jtag/i_dmi_jtag_tap/dtmcs_q_reg[dmireset]/CLR
i_dmi_jtag/i_dmi_jtag_tap/dtmcs_q_reg[dmireset]/D
i_dmi_jtag/i_dmi_jtag_tap/dtmcs_q_reg[dmistat][10]/CE
i_dmi_jtag/i_dmi_jtag_tap/dtmcs_q_reg[dmistat][10]/CLR
i_dmi_jtag/i_dmi_jtag_tap/dtmcs_q_reg[dmistat][10]/D
i_dmi_jtag/i_dmi_jtag_tap/dtmcs_q_reg[dmistat][11]/CE
i_dmi_jtag/i_dmi_jtag_tap/dtmcs_q_reg[dmistat][11]/CLR
i_dmi_jtag/i_dmi_jtag_tap/dtmcs_q_reg[dmistat][11]/D
i_dmi_jtag/i_dmi_jtag_tap/dtmcs_q_reg[idle][12]/CE
i_dmi_jtag/i_dmi_jtag_tap/dtmcs_q_reg[idle][12]/CLR
i_dmi_jtag/i_dmi_jtag_tap/dtmcs_q_reg[idle][12]/D
i_dmi_jtag/i_dmi_jtag_tap/dtmcs_q_reg[idle][13]/CE
i_dmi_jtag/i_dmi_jtag_tap/dtmcs_q_reg[idle][13]/CLR
i_dmi_jtag/i_dmi_jtag_tap/dtmcs_q_reg[idle][13]/D
i_dmi_jtag/i_dmi_jtag_tap/dtmcs_q_reg[idle][14]/CE
i_dmi_jtag/i_dmi_jtag_tap/dtmcs_q_reg[idle][14]/CLR
i_dmi_jtag/i_dmi_jtag_tap/dtmcs_q_reg[idle][14]/D
i_dmi_jtag/i_dmi_jtag_tap/dtmcs_q_reg[version][0]/CE
i_dmi_jtag/i_dmi_jtag_tap/dtmcs_q_reg[version][0]/CLR
i_dmi_jtag/i_dmi_jtag_tap/dtmcs_q_reg[version][0]/D
i_dmi_jtag/i_dmi_jtag_tap/dtmcs_q_reg[version][1]/CE
i_dmi_jtag/i_dmi_jtag_tap/dtmcs_q_reg[version][1]/CLR
i_dmi_jtag/i_dmi_jtag_tap/dtmcs_q_reg[version][1]/D
i_dmi_jtag/i_dmi_jtag_tap/dtmcs_q_reg[version][2]/CE
i_dmi_jtag/i_dmi_jtag_tap/dtmcs_q_reg[version][2]/CLR
i_dmi_jtag/i_dmi_jtag_tap/dtmcs_q_reg[version][2]/D
i_dmi_jtag/i_dmi_jtag_tap/dtmcs_q_reg[version][3]/CE
i_dmi_jtag/i_dmi_jtag_tap/dtmcs_q_reg[version][3]/CLR
i_dmi_jtag/i_dmi_jtag_tap/dtmcs_q_reg[version][3]/D
i_dmi_jtag/i_dmi_jtag_tap/dtmcs_q_reg[zero0]/CE
i_dmi_jtag/i_dmi_jtag_tap/dtmcs_q_reg[zero0]/CLR
i_dmi_jtag/i_dmi_jtag_tap/dtmcs_q_reg[zero0]/D
i_dmi_jtag/i_dmi_jtag_tap/dtmcs_q_reg[zero1][18]/CE
i_dmi_jtag/i_dmi_jtag_tap/dtmcs_q_reg[zero1][18]/CLR
i_dmi_jtag/i_dmi_jtag_tap/dtmcs_q_reg[zero1][18]/D
i_dmi_jtag/i_dmi_jtag_tap/dtmcs_q_reg[zero1][19]/CE
i_dmi_jtag/i_dmi_jtag_tap/dtmcs_q_reg[zero1][19]/CLR
i_dmi_jtag/i_dmi_jtag_tap/dtmcs_q_reg[zero1][19]/D
i_dmi_jtag/i_dmi_jtag_tap/dtmcs_q_reg[zero1][20]/CE
i_dmi_jtag/i_dmi_jtag_tap/dtmcs_q_reg[zero1][20]/CLR
i_dmi_jtag/i_dmi_jtag_tap/dtmcs_q_reg[zero1][20]/D
i_dmi_jtag/i_dmi_jtag_tap/dtmcs_q_reg[zero1][21]/CE
i_dmi_jtag/i_dmi_jtag_tap/dtmcs_q_reg[zero1][21]/CLR
i_dmi_jtag/i_dmi_jtag_tap/dtmcs_q_reg[zero1][21]/D
i_dmi_jtag/i_dmi_jtag_tap/dtmcs_q_reg[zero1][22]/CE
i_dmi_jtag/i_dmi_jtag_tap/dtmcs_q_reg[zero1][22]/CLR
i_dmi_jtag/i_dmi_jtag_tap/dtmcs_q_reg[zero1][22]/D
i_dmi_jtag/i_dmi_jtag_tap/dtmcs_q_reg[zero1][23]/CE
i_dmi_jtag/i_dmi_jtag_tap/dtmcs_q_reg[zero1][23]/CLR
i_dmi_jtag/i_dmi_jtag_tap/dtmcs_q_reg[zero1][23]/D
i_dmi_jtag/i_dmi_jtag_tap/dtmcs_q_reg[zero1][24]/CE
i_dmi_jtag/i_dmi_jtag_tap/dtmcs_q_reg[zero1][24]/CLR
i_dmi_jtag/i_dmi_jtag_tap/dtmcs_q_reg[zero1][24]/D
i_dmi_jtag/i_dmi_jtag_tap/dtmcs_q_reg[zero1][25]/CE
i_dmi_jtag/i_dmi_jtag_tap/dtmcs_q_reg[zero1][25]/CLR
i_dmi_jtag/i_dmi_jtag_tap/dtmcs_q_reg[zero1][25]/D
i_dmi_jtag/i_dmi_jtag_tap/dtmcs_q_reg[zero1][26]/CE
i_dmi_jtag/i_dmi_jtag_tap/dtmcs_q_reg[zero1][26]/CLR
i_dmi_jtag/i_dmi_jtag_tap/dtmcs_q_reg[zero1][26]/D
i_dmi_jtag/i_dmi_jtag_tap/dtmcs_q_reg[zero1][27]/CE
i_dmi_jtag/i_dmi_jtag_tap/dtmcs_q_reg[zero1][27]/CLR
i_dmi_jtag/i_dmi_jtag_tap/dtmcs_q_reg[zero1][27]/D
i_dmi_jtag/i_dmi_jtag_tap/dtmcs_q_reg[zero1][28]/CE
i_dmi_jtag/i_dmi_jtag_tap/dtmcs_q_reg[zero1][28]/CLR
i_dmi_jtag/i_dmi_jtag_tap/dtmcs_q_reg[zero1][28]/D
i_dmi_jtag/i_dmi_jtag_tap/dtmcs_q_reg[zero1][29]/CE
i_dmi_jtag/i_dmi_jtag_tap/dtmcs_q_reg[zero1][29]/CLR
i_dmi_jtag/i_dmi_jtag_tap/dtmcs_q_reg[zero1][29]/D
i_dmi_jtag/i_dmi_jtag_tap/dtmcs_q_reg[zero1][30]/CE
i_dmi_jtag/i_dmi_jtag_tap/dtmcs_q_reg[zero1][30]/CLR
i_dmi_jtag/i_dmi_jtag_tap/dtmcs_q_reg[zero1][30]/D
i_dmi_jtag/i_dmi_jtag_tap/dtmcs_q_reg[zero1][31]/CE
i_dmi_jtag/i_dmi_jtag_tap/dtmcs_q_reg[zero1][31]/CLR
i_dmi_jtag/i_dmi_jtag_tap/dtmcs_q_reg[zero1][31]/D
i_dmi_jtag/i_dmi_jtag_tap/idcode_q_reg[0]/CE
i_dmi_jtag/i_dmi_jtag_tap/idcode_q_reg[0]/D
i_dmi_jtag/i_dmi_jtag_tap/idcode_q_reg[0]/PRE
i_dmi_jtag/i_dmi_jtag_tap/idcode_q_reg[10]/CE
i_dmi_jtag/i_dmi_jtag_tap/idcode_q_reg[10]/CLR
i_dmi_jtag/i_dmi_jtag_tap/idcode_q_reg[10]/D
i_dmi_jtag/i_dmi_jtag_tap/idcode_q_reg[11]/CE
i_dmi_jtag/i_dmi_jtag_tap/idcode_q_reg[11]/CLR
i_dmi_jtag/i_dmi_jtag_tap/idcode_q_reg[11]/D
i_dmi_jtag/i_dmi_jtag_tap/idcode_q_reg[12]/CE
i_dmi_jtag/i_dmi_jtag_tap/idcode_q_reg[12]/D
i_dmi_jtag/i_dmi_jtag_tap/idcode_q_reg[12]/PRE
i_dmi_jtag/i_dmi_jtag_tap/idcode_q_reg[13]/CE
i_dmi_jtag/i_dmi_jtag_tap/idcode_q_reg[13]/CLR
i_dmi_jtag/i_dmi_jtag_tap/idcode_q_reg[13]/D
i_dmi_jtag/i_dmi_jtag_tap/idcode_q_reg[14]/CE
i_dmi_jtag/i_dmi_jtag_tap/idcode_q_reg[14]/CLR
i_dmi_jtag/i_dmi_jtag_tap/idcode_q_reg[14]/D
i_dmi_jtag/i_dmi_jtag_tap/idcode_q_reg[15]/CE
i_dmi_jtag/i_dmi_jtag_tap/idcode_q_reg[15]/CLR
i_dmi_jtag/i_dmi_jtag_tap/idcode_q_reg[15]/D
i_dmi_jtag/i_dmi_jtag_tap/idcode_q_reg[16]/CE
i_dmi_jtag/i_dmi_jtag_tap/idcode_q_reg[16]/D
i_dmi_jtag/i_dmi_jtag_tap/idcode_q_reg[16]/PRE
i_dmi_jtag/i_dmi_jtag_tap/idcode_q_reg[17]/CE
i_dmi_jtag/i_dmi_jtag_tap/idcode_q_reg[17]/CLR
i_dmi_jtag/i_dmi_jtag_tap/idcode_q_reg[17]/D
i_dmi_jtag/i_dmi_jtag_tap/idcode_q_reg[18]/CE
i_dmi_jtag/i_dmi_jtag_tap/idcode_q_reg[18]/D
i_dmi_jtag/i_dmi_jtag_tap/idcode_q_reg[18]/PRE
i_dmi_jtag/i_dmi_jtag_tap/idcode_q_reg[19]/CE
i_dmi_jtag/i_dmi_jtag_tap/idcode_q_reg[19]/CLR
i_dmi_jtag/i_dmi_jtag_tap/idcode_q_reg[19]/D
i_dmi_jtag/i_dmi_jtag_tap/idcode_q_reg[1]/CE
i_dmi_jtag/i_dmi_jtag_tap/idcode_q_reg[1]/D
i_dmi_jtag/i_dmi_jtag_tap/idcode_q_reg[1]/PRE
i_dmi_jtag/i_dmi_jtag_tap/idcode_q_reg[20]/CE
i_dmi_jtag/i_dmi_jtag_tap/idcode_q_reg[20]/D
i_dmi_jtag/i_dmi_jtag_tap/idcode_q_reg[20]/PRE
i_dmi_jtag/i_dmi_jtag_tap/idcode_q_reg[21]/CE
i_dmi_jtag/i_dmi_jtag_tap/idcode_q_reg[21]/CLR
i_dmi_jtag/i_dmi_jtag_tap/idcode_q_reg[21]/D
i_dmi_jtag/i_dmi_jtag_tap/idcode_q_reg[22]/CE
i_dmi_jtag/i_dmi_jtag_tap/idcode_q_reg[22]/CLR
i_dmi_jtag/i_dmi_jtag_tap/idcode_q_reg[22]/D
i_dmi_jtag/i_dmi_jtag_tap/idcode_q_reg[23]/CE
i_dmi_jtag/i_dmi_jtag_tap/idcode_q_reg[23]/D
i_dmi_jtag/i_dmi_jtag_tap/idcode_q_reg[23]/PRE
i_dmi_jtag/i_dmi_jtag_tap/idcode_q_reg[24]/CE
i_dmi_jtag/i_dmi_jtag_tap/idcode_q_reg[24]/CLR
i_dmi_jtag/i_dmi_jtag_tap/idcode_q_reg[24]/D
i_dmi_jtag/i_dmi_jtag_tap/idcode_q_reg[25]/CE
i_dmi_jtag/i_dmi_jtag_tap/idcode_q_reg[25]/CLR
i_dmi_jtag/i_dmi_jtag_tap/idcode_q_reg[25]/D
i_dmi_jtag/i_dmi_jtag_tap/idcode_q_reg[26]/CE
i_dmi_jtag/i_dmi_jtag_tap/idcode_q_reg[26]/D
i_dmi_jtag/i_dmi_jtag_tap/idcode_q_reg[26]/PRE
i_dmi_jtag/i_dmi_jtag_tap/idcode_q_reg[27]/CE
i_dmi_jtag/i_dmi_jtag_tap/idcode_q_reg[27]/CLR
i_dmi_jtag/i_dmi_jtag_tap/idcode_q_reg[27]/D
i_dmi_jtag/i_dmi_jtag_tap/idcode_q_reg[28]/CE
i_dmi_jtag/i_dmi_jtag_tap/idcode_q_reg[28]/CLR
i_dmi_jtag/i_dmi_jtag_tap/idcode_q_reg[28]/D
i_dmi_jtag/i_dmi_jtag_tap/idcode_q_reg[29]/CE
i_dmi_jtag/i_dmi_jtag_tap/idcode_q_reg[29]/D
i_dmi_jtag/i_dmi_jtag_tap/idcode_q_reg[29]/PRE
i_dmi_jtag/i_dmi_jtag_tap/idcode_q_reg[2]/CE
i_dmi_jtag/i_dmi_jtag_tap/idcode_q_reg[2]/CLR
i_dmi_jtag/i_dmi_jtag_tap/idcode_q_reg[2]/D
i_dmi_jtag/i_dmi_jtag_tap/idcode_q_reg[30]/CE
i_dmi_jtag/i_dmi_jtag_tap/idcode_q_reg[30]/CLR
i_dmi_jtag/i_dmi_jtag_tap/idcode_q_reg[30]/D
i_dmi_jtag/i_dmi_jtag_tap/idcode_q_reg[31]/CE
i_dmi_jtag/i_dmi_jtag_tap/idcode_q_reg[31]/CLR
i_dmi_jtag/i_dmi_jtag_tap/idcode_q_reg[31]/D
i_dmi_jtag/i_dmi_jtag_tap/idcode_q_reg[3]/CE
i_dmi_jtag/i_dmi_jtag_tap/idcode_q_reg[3]/CLR
i_dmi_jtag/i_dmi_jtag_tap/idcode_q_reg[3]/D
i_dmi_jtag/i_dmi_jtag_tap/idcode_q_reg[4]/CE
i_dmi_jtag/i_dmi_jtag_tap/idcode_q_reg[4]/CLR
i_dmi_jtag/i_dmi_jtag_tap/idcode_q_reg[4]/D
i_dmi_jtag/i_dmi_jtag_tap/idcode_q_reg[5]/CE
i_dmi_jtag/i_dmi_jtag_tap/idcode_q_reg[5]/CLR
i_dmi_jtag/i_dmi_jtag_tap/idcode_q_reg[5]/D
i_dmi_jtag/i_dmi_jtag_tap/idcode_q_reg[6]/CE
i_dmi_jtag/i_dmi_jtag_tap/idcode_q_reg[6]/D
i_dmi_jtag/i_dmi_jtag_tap/idcode_q_reg[6]/PRE
i_dmi_jtag/i_dmi_jtag_tap/idcode_q_reg[7]/CE
i_dmi_jtag/i_dmi_jtag_tap/idcode_q_reg[7]/D
i_dmi_jtag/i_dmi_jtag_tap/idcode_q_reg[7]/PRE
i_dmi_jtag/i_dmi_jtag_tap/idcode_q_reg[8]/CE
i_dmi_jtag/i_dmi_jtag_tap/idcode_q_reg[8]/D
i_dmi_jtag/i_dmi_jtag_tap/idcode_q_reg[8]/PRE
i_dmi_jtag/i_dmi_jtag_tap/idcode_q_reg[9]/CE
i_dmi_jtag/i_dmi_jtag_tap/idcode_q_reg[9]/CLR
i_dmi_jtag/i_dmi_jtag_tap/idcode_q_reg[9]/D
i_dmi_jtag/i_dmi_jtag_tap/jtag_ir_q_reg[0]/CE
i_dmi_jtag/i_dmi_jtag_tap/jtag_ir_q_reg[0]/D
i_dmi_jtag/i_dmi_jtag_tap/jtag_ir_q_reg[0]/PRE
i_dmi_jtag/i_dmi_jtag_tap/jtag_ir_q_reg[1]/CE
i_dmi_jtag/i_dmi_jtag_tap/jtag_ir_q_reg[1]/CLR
i_dmi_jtag/i_dmi_jtag_tap/jtag_ir_q_reg[1]/D
i_dmi_jtag/i_dmi_jtag_tap/jtag_ir_q_reg[2]/CE
i_dmi_jtag/i_dmi_jtag_tap/jtag_ir_q_reg[2]/CLR
i_dmi_jtag/i_dmi_jtag_tap/jtag_ir_q_reg[2]/D
i_dmi_jtag/i_dmi_jtag_tap/jtag_ir_q_reg[3]/CE
i_dmi_jtag/i_dmi_jtag_tap/jtag_ir_q_reg[3]/CLR
i_dmi_jtag/i_dmi_jtag_tap/jtag_ir_q_reg[3]/D
i_dmi_jtag/i_dmi_jtag_tap/jtag_ir_q_reg[4]/CE
i_dmi_jtag/i_dmi_jtag_tap/jtag_ir_q_reg[4]/CLR
i_dmi_jtag/i_dmi_jtag_tap/jtag_ir_q_reg[4]/D
i_dmi_jtag/i_dmi_jtag_tap/jtag_ir_shift_q_reg[0]/CE
i_dmi_jtag/i_dmi_jtag_tap/jtag_ir_shift_q_reg[0]/CLR
i_dmi_jtag/i_dmi_jtag_tap/jtag_ir_shift_q_reg[0]/D
i_dmi_jtag/i_dmi_jtag_tap/jtag_ir_shift_q_reg[1]/CE
i_dmi_jtag/i_dmi_jtag_tap/jtag_ir_shift_q_reg[1]/CLR
i_dmi_jtag/i_dmi_jtag_tap/jtag_ir_shift_q_reg[1]/D
i_dmi_jtag/i_dmi_jtag_tap/jtag_ir_shift_q_reg[2]/CE
i_dmi_jtag/i_dmi_jtag_tap/jtag_ir_shift_q_reg[2]/CLR
i_dmi_jtag/i_dmi_jtag_tap/jtag_ir_shift_q_reg[2]/D
i_dmi_jtag/i_dmi_jtag_tap/jtag_ir_shift_q_reg[3]/CE
i_dmi_jtag/i_dmi_jtag_tap/jtag_ir_shift_q_reg[3]/CLR
i_dmi_jtag/i_dmi_jtag_tap/jtag_ir_shift_q_reg[3]/D
i_dmi_jtag/i_dmi_jtag_tap/jtag_ir_shift_q_reg[4]/CE
i_dmi_jtag/i_dmi_jtag_tap/jtag_ir_shift_q_reg[4]/CLR
i_dmi_jtag/i_dmi_jtag_tap/jtag_ir_shift_q_reg[4]/D
i_dmi_jtag/i_dmi_jtag_tap/td_o_reg/CLR
i_dmi_jtag/i_dmi_jtag_tap/td_o_reg/D

 There are 0 pins that are not constrained for maximum delay due to constant clock.


5. checking no_input_delay (2)
------------------------------
 There are 2 input ports with no input delay specified. (HIGH)

cpu_reset
rx

 There are 0 input ports with no input delay but user has a false path constraint.


6. checking no_output_delay (1)
-------------------------------
 There is 1 port with no output delay specified. (HIGH)

tx

 There are 0 ports with no output delay but user has a false path constraint

 There are 0 ports with no output delay but with a timing clock defined on it or propagating through it


7. checking multiple_clock (0)
------------------------------
 There are 0 register/latch pins with multiple clocks.


8. checking generated_clocks (0)
--------------------------------
 There are 0 generated clocks that are not connected to a clock source.


9. checking loops (0)
---------------------
 There are 0 combinational loops in the design.


10. checking partial_input_delay (3)
------------------------------------
 There are 3 input ports with partial input delay specified. (HIGH)

tdi
tms
trst_n


11. checking partial_output_delay (0)
-------------------------------------
 There are 0 ports with partial output delay specified.


12. checking latch_loops (0)
----------------------------
 There are 0 combinational latch loops in the design through latch input


